Microchip MPLAB XC8 Compiler V2.05 ()

Linker command line:

-W-3 --edf=D:\Program Files (x86)\Microchip\xc8\v2.05\pic\dat\en_msgs.txt \
  -cs -h+dist/default/production\PIC18F_UART_INT.X.production.sym \
  --cmf=dist/default/production\PIC18F_UART_INT.X.production.cmf -z \
  -Q18F45K20 -oC:\Users\KIKI\AppData\Local\Temp\s9uc.2 \
  --defsym=__MPLAB_BUILD=1 \
  -Mdist/default/production/PIC18F_UART_INT.X.production.map -E1 -ver=XC8 \
  --acfsm=1493 -ASTACK=060h-05FFh -pstack=STACK -ACODE=00h-07FFFh \
  -ACONST=00h-07FFFh -ASMALLCONST=0600h-06FFhx122 \
  -AMEDIUMCONST=0600h-07FFFh -ACOMRAM=01h-05Fh -AABS1=00h-05FFh \
  -ABIGRAM=01h-05FFh -ARAM=060h-0FFh,0100h-01FFhx5 -ABANK0=060h-0FFh \
  -ABANK1=0100h-01FFh -ABANK2=0200h-02FFh -ABANK3=0300h-03FFh \
  -ABANK4=0400h-04FFh -ABANK5=0500h-05FFh -ASFR=0F60h-0FFFh \
  -preset_vec=00h,intcode=08h,intcodelo,powerup,init -pramtop=0600h \
  -psmallconst=SMALLCONST -pmediumconst=MEDIUMCONST -pconst=CONST \
  -AFARRAM=00h-00h -ACONFIG=0300000h-030000Dh -pconfig=CONFIG \
  -AIDLOC=0200000h-0200007h -pidloc=IDLOC -AEEDATA=0F00000h-0F000FFh \
  -peeprom_data=EEDATA \
  -prdata=COMRAM,nvrram=COMRAM,nvbit=COMRAM,rbss=COMRAM,rbit=COMRAM \
  -pfarbss=FARRAM,fardata=FARRAM,nvFARRAM=FARRAM \
  -pintsave_regs=BIGRAM,bigbss=BIGRAM,bigdata=BIGRAM -pbss=RAM \
  -pidata=CODE,irdata=CODE,ibigdata=CODE,ifardata=CODE -prparam=COMRAM \
  C:\Users\KIKI\AppData\Local\Temp\s9uc.o \
  dist/default/production\PIC18F_UART_INT.X.production.o 

Object code version is 3.11

Machine type is 18F45K20

Call graph: (short form)




                Name                               Link     Load   Length Selector   Space Scale
C:\Users\KIKI\AppData\Local\Temp\s9uc.o
                init                                 58       58        4        4       0
                reset_vec                             0        0        4        0       0
                idloc                            200000   200000        8   200000       0
                config                           300000   300000        E   300000       0
dist/default/production\PIC18F_UART_INT.X.production.o
                intcode                               8        8       50        4       0
                temp                                 3B       3B        1        1       1
                smallconst                          600      600       1E      300       0
                text9                               750      750       44      30F       0
                text8                               61E      61E       78      30F       0
                text6                               826      826       1E      30F       0
                text5                               844      844        C      30F       0
                text4                               794      794       2A      30F       0
                text3                               7BE      7BE       28      30F       0
                text2                               696      696       64      30F       0
                text1                               7E6      7E6       22      30F       0
                text0                               6FA      6FA       56      30F       0
                cstackCOMRAM                         25       25       16        1       1
                bssCOMRAM                             1        1       24        1       1
                cinit                               808      808       1E      30F       0

TOTAL           Name                               Link     Load   Length     Space
        CLASS   STACK          

        CLASS   CODE           
                intcode                               8        8       50         0
                init                                 58       58        4         0
                reset_vec                             0        0        4         0
                text9                               750      750       44         0
                text8                               61E      61E       78         0
                text6                               826      826       1E         0
                text5                               844      844        C         0
                text4                               794      794       2A         0
                text3                               7BE      7BE       28         0
                text2                               696      696       64         0
                text1                               7E6      7E6       22         0
                text0                               6FA      6FA       56         0
                cinit                               808      808       1E         0

        CLASS   CONST          

        CLASS   SMALLCONST     
                smallconst                          600      600       1E         0

        CLASS   MEDIUMCONST    

        CLASS   COMRAM         
                temp                                 3B       3B        1         1
                cstackCOMRAM                         25       25       16         1
                bssCOMRAM                             1        1       24         1

        CLASS   ABS1           

        CLASS   BIGRAM         

        CLASS   RAM            

        CLASS   BANK0          

        CLASS   BANK1          

        CLASS   BANK2          

        CLASS   BANK3          

        CLASS   BANK4          

        CLASS   BANK5          

        CLASS   SFR            

        CLASS   FARRAM         

        CLASS   CONFIG         
                config                           300000   300000        E         0

        CLASS   IDLOC          
                idloc                            200000   200000        8         0

        CLASS   EEDATA         



SEGMENTS        Name                           Load    Length   Top    Selector   Space  Class

                reset_vec                      000000  000004  000004         0       0  CODE    
                bssCOMRAM                      000001  00003B  00003C         1       1  COMRAM  
                intcode                        000008  000054  00005C         4       0  CODE    
                smallconst                     000600  00001E  00061E       300       0  SMALLCON
                text8                          00061E  000232  000850       30F       0  CODE    
                idloc                          200000  000008  200008    200000       0  IDLOC   
                config                         300000  00000E  30000E    300000       0  CONFIG  


UNUSED ADDRESS RANGES

        Name                Unused          Largest block    Delta
        BANK0            000060-0000FF               A0
        BANK1            000100-0001FF              100
        BANK2            000200-0002FF              100
        BANK3            000300-0003FF              100
        BANK4            000400-0004FF              100
        BANK5            000500-0005FF              100
        BIGRAM           00003C-0005FF              5C4
        CODE             000004-000007                4
                         00005C-0005FF              5A4
                         000850-007FFF             77B0
        COMRAM           00003C-00005F               24
        CONST            000004-000007                4
                         00005C-0005FF              5A4
                         000850-007FFF             77B0
        EEDATA           F00000-F000FF              100
        MEDIUMCONST      000850-007FFF             77B0
        RAM              000060-0005FF              100
        SFR              000F60-000FFF               A0
        SMALLCONST       000850-007FFF              100
        STACK            000060-0005FF              5A0

                                  Symbol Table

UART_putch@ch                  cstackCOMRAM 000032
UART_puts@str                  cstackCOMRAM 000033
_ANSEL                         (abs)        000F7E
_ANSELH                        (abs)        000F7F
_BAUDCONbits                   (abs)        000FB8
_INTCONbits                    (abs)        000FF2
_ISR                           intcode      000008
_OSCCON                        (abs)        000FD3
_PIE1bits                      (abs)        000F9D
_PIR1bits                      (abs)        000F9E
_RCREG                         (abs)        000FAE
_RCSTAbits                     (abs)        000FAB
_SPBRG                         (abs)        000FAF
_TRISCbits                     (abs)        000F94
_TXREG                         (abs)        000FAD
_TXSTAbits                     (abs)        000FAC
_UART_config                   text6        000826
_UART_putch                    text5        000844
_UART_puts                     text4        000794
__CFG_BOREN$OFF                (abs)        000000
__CFG_BORV$18                  (abs)        000000
__CFG_CCP2MX$PORTC             (abs)        000000
__CFG_CP0$OFF                  (abs)        000000
__CFG_CP1$OFF                  (abs)        000000
__CFG_CP2$OFF                  (abs)        000000
__CFG_CP3$OFF                  (abs)        000000
__CFG_CPB$OFF                  (abs)        000000
__CFG_CPD$OFF                  (abs)        000000
__CFG_EBTR0$OFF                (abs)        000000
__CFG_EBTR1$OFF                (abs)        000000
__CFG_EBTR2$OFF                (abs)        000000
__CFG_EBTR3$OFF                (abs)        000000
__CFG_EBTRB$OFF                (abs)        000000
__CFG_FCMEN$OFF                (abs)        000000
__CFG_FOSC$INTIO67             (abs)        000000
__CFG_HFOFST$ON                (abs)        000000
__CFG_IESO$OFF                 (abs)        000000
__CFG_LPT1OSC$OFF              (abs)        000000
__CFG_LVP$OFF                  (abs)        000000
__CFG_MCLRE$ON                 (abs)        000000
__CFG_PBADEN$ON                (abs)        000000
__CFG_PWRT$OFF                 (abs)        000000
__CFG_STVREN$ON                (abs)        000000
__CFG_WDTEN$OFF                (abs)        000000
__CFG_WDTPS$32768              (abs)        000000
__CFG_WRT0$OFF                 (abs)        000000
__CFG_WRT1$OFF                 (abs)        000000
__CFG_WRT2$OFF                 (abs)        000000
__CFG_WRT3$OFF                 (abs)        000000
__CFG_WRTB$OFF                 (abs)        000000
__CFG_WRTC$OFF                 (abs)        000000
__CFG_WRTD$OFF                 (abs)        000000
__CFG_XINST$OFF                (abs)        000000
__HRAM                         (abs)        000000
__Habs1                        abs1         000000
__Hbank0                       bank0        000000
__Hbank1                       bank1        000000
__Hbank2                       bank2        000000
__Hbank3                       bank3        000000
__Hbank4                       bank4        000000
__Hbank5                       bank5        000000
__Hbigbss                      bigbss       000000
__Hbigdata                     bigdata      000000
__Hbigram                      bigram       000000
__Hbss                         bss          000000
__HbssCOMRAM                   bssCOMRAM    000000
__Hcinit                       cinit        000000
__Hclrtext                     clrtext      000000
__Hcomram                      comram       000000
__Hconfig                      config       30000E
__Hconst                       const        000000
__HcstackCOMRAM                cstackCOMRAM 000000
__Hdata                        data         000000
__Heeprom_data                 eeprom_data  000000
__Hfarbss                      farbss       000000
__Hfardata                     fardata      000000
__Hibigdata                    ibigdata     000000
__Hidata                       idata        000000
__Hidloc                       idloc        200008
__Hifardata                    ifardata     000000
__Hinit                        init         00005C
__Hintcode                     intcode      000058
__Hintcode_body                intcode_body 000000
__Hintcodelo                   intcodelo    000058
__Hintentry                    intentry     000000
__Hintret                      intret       000000
__Hintsave_regs                intsave_regs 000000
__Hirdata                      irdata       000000
__Hmediumconst                 mediumconst  000000
__HnvFARRAM                    nvFARRAM     000000
__Hnvbit                       nvbit        000000
__Hnvrram                      nvrram       000000
__Hparam                       rparam       000000
__Hpowerup                     powerup      000058
__Hram                         ram          000000
__Hramtop                      ramtop       000600
__Hrbit                        rbit         000000
__Hrbss                        rbss         000000
__Hrdata                       rdata        000000
__Hreset_vec                   reset_vec    000004
__Hrparam                      rparam       000000
__Hsfr                         sfr          000000
__Hsmallconst                  smallconst   00061E
__Hspace_0                     (abs)        30000E
__Hspace_1                     (abs)        00003C
__Hspace_2                     (abs)        000000
__Hstack                       stack        000000
__Hstruct                      struct       000000
__Htemp                        temp         00003C
__Htext                        text         000000
__Htext0                       text0        000000
__Htext1                       text1        000000
__Htext2                       text2        000000
__Htext3                       text3        000000
__Htext4                       text4        000000
__Htext5                       text5        000000
__Htext6                       text6        000000
__Htext8                       text8        000000
__Htext9                       text9        000000
__LRAM                         (abs)        000001
__Labs1                        abs1         000000
__Lbank0                       bank0        000000
__Lbank1                       bank1        000000
__Lbank2                       bank2        000000
__Lbank3                       bank3        000000
__Lbank4                       bank4        000000
__Lbank5                       bank5        000000
__Lbigbss                      bigbss       000000
__Lbigdata                     bigdata      000000
__Lbigram                      bigram       000000
__Lbss                         bss          000000
__LbssCOMRAM                   bssCOMRAM    000000
__Lcinit                       cinit        000000
__Lclrtext                     clrtext      000000
__Lcomram                      comram       000000
__Lconfig                      config       300000
__Lconst                       const        000000
__LcstackCOMRAM                cstackCOMRAM 000000
__Ldata                        data         000000
__Leeprom_data                 eeprom_data  000000
__Lfarbss                      farbss       000000
__Lfardata                     fardata      000000
__Libigdata                    ibigdata     000000
__Lidata                       idata        000000
__Lidloc                       idloc        200000
__Lifardata                    ifardata     000000
__Linit                        init         000058
__Lintcode                     intcode      000008
__Lintcode_body                intcode_body 000000
__Lintcodelo                   intcodelo    000058
__Lintentry                    intentry     000000
__Lintret                      intret       000000
__Lintsave_regs                intsave_regs 000000
__Lirdata                      irdata       000000
__Lmediumconst                 mediumconst  000000
__LnvFARRAM                    nvFARRAM     000000
__Lnvbit                       nvbit        000000
__Lnvrram                      nvrram       000000
__Lparam                       rparam       000000
__Lpowerup                     powerup      000058
__Lram                         ram          000000
__Lramtop                      ramtop       000600
__Lrbit                        rbit         000000
__Lrbss                        rbss         000000
__Lrdata                       rdata        000000
__Lreset_vec                   reset_vec    000000
__Lrparam                      rparam       000000
__Lsfr                         sfr          000000
__Lsmallconst                  smallconst   000600
__Lspace_0                     (abs)        000000
__Lspace_1                     (abs)        000000
__Lspace_2                     (abs)        000000
__Lstack                       stack        000000
__Lstruct                      struct       000000
__Ltemp                        temp         00003B
__Ltext                        text         000000
__Ltext0                       text0        000000
__Ltext1                       text1        000000
__Ltext2                       text2        000000
__Ltext3                       text3        000000
__Ltext4                       text4        000000
__Ltext5                       text5        000000
__Ltext6                       text6        000000
__Ltext8                       text8        000000
__Ltext9                       text9        000000
__S0                           (abs)        30000E
__S1                           (abs)        00003C
__S2                           (abs)        000000
___inthi_sp                    stack        000000
___intlo_sp                    stack        000000
___param_bank                  (abs)        000000
___rparam_used                 (abs)        000001
___sp                          stack        000000
__accesstop                    (abs)        000060
__activetblptr                 (abs)        000001
__end_of_ISR                   intcode      000058
__end_of_UART_config           text6        000844
__end_of_UART_putch            text5        000850
__end_of_UART_puts             text4        0007BE
__end_of__initialization       cinit        000814
__end_of_main                  text0        000750
__end_of_ring_buffer_dequeue   text2        0006FA
__end_of_ring_buffer_init      text1        000808
__end_of_ring_buffer_is_empty  text3        0007E6
__end_of_ring_buffer_is_full   text9        000794
__end_of_ring_buffer_queue     text8        000696
__initialization               cinit        000808
__mediumconst                  mediumconst  000000
__pbssCOMRAM                   bssCOMRAM    000001
__pcinit                       cinit        000808
__pcstackCOMRAM                cstackCOMRAM 000025
__pintcode                     intcode      000008
__psmallconst                  smallconst   000600
__ptext0                       text0        0006FA
__ptext1                       text1        0007E6
__ptext2                       text2        000696
__ptext3                       text3        0007BE
__ptext4                       text4        000794
__ptext5                       text5        000844
__ptext6                       text6        000826
__ptext8                       text8        00061E
__ptext9                       text9        000750
__ramtop                       ramtop       000600
__size_of_ISR                  (abs)        000000
__size_of_UART_config          (abs)        000000
__size_of_UART_putch           (abs)        000000
__size_of_UART_puts            (abs)        000000
__size_of_main                 (abs)        000000
__size_of_ring_buffer_dequeue  (abs)        000000
__size_of_ring_buffer_init     (abs)        000000
__size_of_ring_buffer_is_empty (abs)        000000
__size_of_ring_buffer_is_full  (abs)        000000
__size_of_ring_buffer_queue    (abs)        000000
__smallconst                   smallconst   000600
_main                          text0        0006FA
_ring_buffer                   bssCOMRAM    000002
_ring_buffer_dequeue           text2        000696
_ring_buffer_init              text1        0007E6
_ring_buffer_is_empty          text3        0007BE
_ring_buffer_is_full           text9        000750
_ring_buffer_queue             text8        00061E
_uartFlag                      bssCOMRAM    000001
btemp                          temp         00003B
end_of_initialization          cinit        000814
int$flags                      temp         00003B
intlevel0                      text         000000
intlevel1                      text         000000
intlevel2                      text         000000
intlevel3                      text         000000
main@data                      bssCOMRAM    000024
ring_buffer_dequeue@buffer     cstackCOMRAM 000036
ring_buffer_dequeue@data       cstackCOMRAM 000038
ring_buffer_init@buffer        cstackCOMRAM 000032
ring_buffer_is_empty@buffer    cstackCOMRAM 000032
ring_buffer_is_full@buffer     cstackCOMRAM 000025
ring_buffer_queue@buffer       cstackCOMRAM 00002A
ring_buffer_queue@data         cstackCOMRAM 00002C
stackhi                        (abs)        0005FF
stacklo                        (abs)        000060
start                          init         000058
start_initialization           cinit        000808
ttemp5                         temp         00003C
ttemp6                         temp         00003F
ttemp7                         temp         000043
wtemp8                         temp         00003C


FUNCTION INFORMATION:

 *************** function _main *****************
 Defined at:
		line 21 in file "main.c"
 Parameters:    Size  Location     Type
		None
 Auto vars:     Size  Location     Type
		None
 Return value:  Size  Location     Type
                  1    wreg      void 
 Registers used:
		wreg, fsr1l, fsr1h, fsr2l, fsr2h, status,2, status,0, tblptrl, tblptrh, tblptru, cstack
 Tracked objects:
		On entry : 
		On exit  : 
		Unchanged: 
 Data sizes:     COMRAM   BANK0   BANK1   BANK2   BANK3   BANK4   BANK5
      Params:         0       0       0       0       0       0       0
      Locals:         0       0       0       0       0       0       0
      Temps:          0       0       0       0       0       0       0
      Totals:         0       0       0       0       0       0       0
Total ram usage:        0 bytes
 Hardware stack levels required when called:    5
 This function calls:
		_UART_config
		_UART_putch
		_UART_puts
		_ring_buffer_dequeue
		_ring_buffer_init
 This function is called by:
		Startup code after reset
 This function uses a non-reentrant model


 *************** function _ring_buffer_init *****************
 Defined at:
		line 8 in file "ringbuffer.c"
 Parameters:    Size  Location     Type
  buffer          2   13[COMRAM] PTR struct ring_buffer_t
		 -> ring_buffer(34), 
 Auto vars:     Size  Location     Type
		None
 Return value:  Size  Location     Type
                  1    wreg      void 
 Registers used:
		wreg, fsr2l, fsr2h, status,2, status,0
 Tracked objects:
		On entry : 
		On exit  : 
		Unchanged: 
 Data sizes:     COMRAM   BANK0   BANK1   BANK2   BANK3   BANK4   BANK5
      Params:         2       0       0       0       0       0       0
      Locals:         0       0       0       0       0       0       0
      Temps:          0       0       0       0       0       0       0
      Totals:         2       0       0       0       0       0       0
Total ram usage:        2 bytes
 Hardware stack levels used:    1
 Hardware stack levels required when called:    3
 This function calls:
		Nothing
 This function is called by:
		_main
 This function uses a non-reentrant model


 *************** function _ring_buffer_dequeue *****************
 Defined at:
		line 34 in file "ringbuffer.c"
 Parameters:    Size  Location     Type
  buffer          2   17[COMRAM] PTR struct ring_buffer_t
		 -> ring_buffer(34), 
  data            2   19[COMRAM] PTR unsigned char 
		 -> main@data(1), 
 Auto vars:     Size  Location     Type
		None
 Return value:  Size  Location     Type
                  1    wreg      unsigned char 
 Registers used:
		wreg, fsr1l, fsr1h, fsr2l, fsr2h, status,2, status,0, cstack
 Tracked objects:
		On entry : 
		On exit  : 
		Unchanged: 
 Data sizes:     COMRAM   BANK0   BANK1   BANK2   BANK3   BANK4   BANK5
      Params:         4       0       0       0       0       0       0
      Locals:         0       0       0       0       0       0       0
      Temps:          1       0       0       0       0       0       0
      Totals:         5       0       0       0       0       0       0
Total ram usage:        5 bytes
 Hardware stack levels used:    1
 Hardware stack levels required when called:    4
 This function calls:
		_ring_buffer_is_empty
 This function is called by:
		_main
		_ring_buffer_dequeue_arr
 This function uses a non-reentrant model


 *************** function _ring_buffer_is_empty *****************
 Defined at:
		line 73 in file "ringbuffer.c"
 Parameters:    Size  Location     Type
  buffer          2   13[COMRAM] PTR struct ring_buffer_t
		 -> ring_buffer(34), 
 Auto vars:     Size  Location     Type
		None
 Return value:  Size  Location     Type
                  1    wreg      unsigned char 
 Registers used:
		wreg, fsr1l, fsr1h, fsr2l, fsr2h, status,2, status,0
 Tracked objects:
		On entry : 
		On exit  : 
		Unchanged: 
 Data sizes:     COMRAM   BANK0   BANK1   BANK2   BANK3   BANK4   BANK5
      Params:         2       0       0       0       0       0       0
      Locals:         0       0       0       0       0       0       0
      Temps:          2       0       0       0       0       0       0
      Totals:         4       0       0       0       0       0       0
Total ram usage:        4 bytes
 Hardware stack levels used:    1
 Hardware stack levels required when called:    3
 This function calls:
		Nothing
 This function is called by:
		_ring_buffer_dequeue
		_ring_buffer_dequeue_arr
 This function uses a non-reentrant model


 *************** function _UART_puts *****************
 Defined at:
		line 71 in file "main.c"
 Parameters:    Size  Location     Type
  str             2   14[COMRAM] PTR unsigned char 
		 -> STR_1(27), 
 Auto vars:     Size  Location     Type
		None
 Return value:  Size  Location     Type
                  1    wreg      void 
 Registers used:
		wreg, status,2, status,0, tblptrl, tblptrh, tblptru, cstack
 Tracked objects:
		On entry : 
		On exit  : 
		Unchanged: 
 Data sizes:     COMRAM   BANK0   BANK1   BANK2   BANK3   BANK4   BANK5
      Params:         2       0       0       0       0       0       0
      Locals:         0       0       0       0       0       0       0
      Temps:          0       0       0       0       0       0       0
      Totals:         2       0       0       0       0       0       0
Total ram usage:        2 bytes
 Hardware stack levels used:    1
 Hardware stack levels required when called:    4
 This function calls:
		_UART_putch
 This function is called by:
		_main
 This function uses a non-reentrant model


 *************** function _UART_putch *****************
 Defined at:
		line 66 in file "main.c"
 Parameters:    Size  Location     Type
  ch              1    wreg     unsigned char 
 Auto vars:     Size  Location     Type
  ch              1   13[COMRAM] unsigned char 
 Return value:  Size  Location     Type
                  1    wreg      void 
 Registers used:
		wreg
 Tracked objects:
		On entry : 
		On exit  : 
		Unchanged: 
 Data sizes:     COMRAM   BANK0   BANK1   BANK2   BANK3   BANK4   BANK5
      Params:         0       0       0       0       0       0       0
      Locals:         1       0       0       0       0       0       0
      Temps:          0       0       0       0       0       0       0
      Totals:         1       0       0       0       0       0       0
Total ram usage:        1 bytes
 Hardware stack levels used:    1
 Hardware stack levels required when called:    3
 This function calls:
		Nothing
 This function is called by:
		_main
		_UART_puts
 This function uses a non-reentrant model


 *************** function _UART_config *****************
 Defined at:
		line 46 in file "main.c"
 Parameters:    Size  Location     Type
		None
 Auto vars:     Size  Location     Type
		None
 Return value:  Size  Location     Type
                  1    wreg      void 
 Registers used:
		wreg, status,2
 Tracked objects:
		On entry : 
		On exit  : 
		Unchanged: 
 Data sizes:     COMRAM   BANK0   BANK1   BANK2   BANK3   BANK4   BANK5
      Params:         0       0       0       0       0       0       0
      Locals:         0       0       0       0       0       0       0
      Temps:          0       0       0       0       0       0       0
      Totals:         0       0       0       0       0       0       0
Total ram usage:        0 bytes
 Hardware stack levels used:    1
 Hardware stack levels required when called:    3
 This function calls:
		Nothing
 This function is called by:
		_main
 This function uses a non-reentrant model


 *************** function _ISR *****************
 Defined at:
		line 13 in file "main.c"
 Parameters:    Size  Location     Type
		None
 Auto vars:     Size  Location     Type
		None
 Return value:  Size  Location     Type
                  1    wreg      void 
 Registers used:
		wreg, fsr1l, fsr1h, fsr2l, fsr2h, status,2, status,0, cstack
 Tracked objects:
		On entry : 
		On exit  : 
		Unchanged: 
 Data sizes:     COMRAM   BANK0   BANK1   BANK2   BANK3   BANK4   BANK5
      Params:         0       0       0       0       0       0       0
      Locals:         0       0       0       0       0       0       0
      Temps:          4       0       0       0       0       0       0
      Totals:         4       0       0       0       0       0       0
Total ram usage:        4 bytes
 Hardware stack levels used:    1
 Hardware stack levels required when called:    2
 This function calls:
		_ring_buffer_queue
 This function is called by:
		Interrupt level 2
 This function uses a non-reentrant model


 *************** function _ring_buffer_queue *****************
 Defined at:
		line 13 in file "ringbuffer.c"
 Parameters:    Size  Location     Type
  buffer          2    5[COMRAM] PTR struct ring_buffer_t
		 -> ring_buffer(34), 
  data            1    7[COMRAM] unsigned char 
 Auto vars:     Size  Location     Type
		None
 Return value:  Size  Location     Type
                  1    wreg      void 
 Registers used:
		wreg, fsr1l, fsr1h, fsr2l, fsr2h, status,2, status,0, cstack
 Tracked objects:
		On entry : 
		On exit  : 
		Unchanged: 
 Data sizes:     COMRAM   BANK0   BANK1   BANK2   BANK3   BANK4   BANK5
      Params:         3       0       0       0       0       0       0
      Locals:         0       0       0       0       0       0       0
      Temps:          1       0       0       0       0       0       0
      Totals:         4       0       0       0       0       0       0
Total ram usage:        4 bytes
 Hardware stack levels used:    1
 Hardware stack levels required when called:    1
 This function calls:
		_ring_buffer_is_full
 This function is called by:
		_ISR
		_ring_buffer_queue_arr
 This function uses a non-reentrant model


 *************** function _ring_buffer_is_full *****************
 Defined at:
		line 77 in file "ringbuffer.c"
 Parameters:    Size  Location     Type
  buffer          2    0[COMRAM] PTR struct ring_buffer_t
		 -> ring_buffer(34), 
 Auto vars:     Size  Location     Type
		None
 Return value:  Size  Location     Type
                  1    wreg      unsigned char 
 Registers used:
		wreg, fsr2l, fsr2h, status,2, status,0
 Tracked objects:
		On entry : 
		On exit  : 
		Unchanged: 
 Data sizes:     COMRAM   BANK0   BANK1   BANK2   BANK3   BANK4   BANK5
      Params:         2       0       0       0       0       0       0
      Locals:         0       0       0       0       0       0       0
      Temps:          3       0       0       0       0       0       0
      Totals:         5       0       0       0       0       0       0
Total ram usage:        5 bytes
 Hardware stack levels used:    1
 This function calls:
		Nothing
 This function is called by:
		_ring_buffer_queue
 This function uses a non-reentrant model



MODULE INFORMATION

Module		Function		Class		Link	Load	Size
ringbuffer.c
		_ring_buffer_is_empty		CODE           	07BE	0000	41
		_ring_buffer_dequeue		CODE           	0696	0000	101
		_ring_buffer_init		CODE           	07E6	0000	35
		_ring_buffer_queue		CODE           	061E	0000	121
		_ring_buffer_is_full		CODE           	0750	0000	69

ringbuffer.c estimated size: 367

shared
		__initialization		CODE           	0808	0000	13

shared estimated size: 13

main.c
		_ISR           		CODE           	0008	0000	81
		_main          		CODE           	06FA	0000	87
		_UART_puts     		CODE           	0794	0000	43
		_UART_putch    		CODE           	0844	0000	13
		_UART_config   		CODE           	0826	0000	31

main.c estimated size: 255

