Microchip MPLAB XC8 Compiler V2.05 ()

Linker command line:

-W-3 --edf=D:\Program Files (x86)\Microchip\xc8\v2.05\pic\dat\en_msgs.txt \
  -cs -h+dist/default/production\PIC18F_SPI_AT45DBXX.X.production.sym \
  --cmf=dist/default/production\PIC18F_SPI_AT45DBXX.X.production.cmf -z \
  -Q18F45K20 -oC:\Users\KIKI\AppData\Local\Temp\s534.2 \
  --defsym=__MPLAB_BUILD=1 \
  -Mdist/default/production/PIC18F_SPI_AT45DBXX.X.production.map -E1 \
  -ver=XC8 --acfsm=1493 -ASTACK=0200h-05FFh -pstack=STACK -ACODE=00h-07FFFh \
  -ACONST=00h-07FFFh -ASMALLCONST=0600h-06FFhx122 \
  -AMEDIUMCONST=0600h-07FFFh -ACOMRAM=01h-05Fh -AABS1=00h-05FFh \
  -ABIGRAM=01h-05FFh -ARAM=060h-0FFh,0100h-01FFhx5 -ABANK0=060h-0FFh \
  -ABANK1=0100h-01FFh -ABANK2=0200h-02FFh -ABANK3=0300h-03FFh \
  -ABANK4=0400h-04FFh -ABANK5=0500h-05FFh -ASFR=0F60h-0FFFh \
  -preset_vec=00h,intcode,intcodelo,powerup,init -pramtop=0600h \
  -psmallconst=SMALLCONST -pmediumconst=MEDIUMCONST -pconst=CONST \
  -AFARRAM=00h-00h -ACONFIG=0300000h-030000Dh -pconfig=CONFIG \
  -AIDLOC=0200000h-0200007h -pidloc=IDLOC -AEEDATA=0F00000h-0F000FFh \
  -peeprom_data=EEDATA \
  -prdata=COMRAM,nvrram=COMRAM,nvbit=COMRAM,rbss=COMRAM,rbit=COMRAM \
  -pfarbss=FARRAM,fardata=FARRAM,nvFARRAM=FARRAM \
  -pintsave_regs=BIGRAM,bigbss=BIGRAM,bigdata=BIGRAM -pbss=RAM \
  -pidata=CODE,irdata=CODE,ibigdata=CODE,ifardata=CODE -prparam=COMRAM \
  C:\Users\KIKI\AppData\Local\Temp\s534.o \
  dist/default/production\PIC18F_SPI_AT45DBXX.X.production.o 

Object code version is 3.11

Machine type is 18F45K20

Call graph: (short form)




                Name                               Link     Load   Length Selector   Space Scale
C:\Users\KIKI\AppData\Local\Temp\s534.o
                init                                  0        0        4        0       0
                idloc                            200000   200000        8   200000       0
                config                           300000   300000        E   300000       0
dist/default/production\PIC18F_SPI_AT45DBXX.X.production.o
                smallconst                          600      600       60      300       0
                text14                              A24      A24       18      330       0
                text13                              A3C      A3C       16      330       0
                text12                              A94      A94        C      330       0
                text11                              936      936       52      330       0
                text10                              A88      A88        C      330       0
                text9                               A7C      A7C        C      330       0
                text8                               A70      A70        C      330       0
                text7                               A62      A62        E      330       0
                text6                               A0C      A0C       18      330       0
                text5                               9F4      9F4       18      330       0
                text4                               894      894       A2      330       0
                text3                               A52      A52       10      330       0
                text2                               7C2      7C2       D2      330       0
                text1                               9C6      9C6       2E      330       0
                text0                               660      660      162      330       0
                cstackCOMRAM                          1        1       11        1       1
                bssBANK1                            100      100      100      100       1
                dataCOMRAM                           12       12        4        1       1
                cinit                               988      988       3E      330       0
                idataCOMRAM                         AA0      AA0        4      330       0

TOTAL           Name                               Link     Load   Length     Space
        CLASS   STACK          

        CLASS   CODE           
                init                                  0        0        4         0
                text14                              A24      A24       18         0
                text13                              A3C      A3C       16         0
                text12                              A94      A94        C         0
                text11                              936      936       52         0
                text10                              A88      A88        C         0
                text9                               A7C      A7C        C         0
                text8                               A70      A70        C         0
                text7                               A62      A62        E         0
                text6                               A0C      A0C       18         0
                text5                               9F4      9F4       18         0
                text4                               894      894       A2         0
                text3                               A52      A52       10         0
                text2                               7C2      7C2       D2         0
                text1                               9C6      9C6       2E         0
                text0                               660      660      162         0
                cinit                               988      988       3E         0
                idataCOMRAM                         AA0      AA0        4         0

        CLASS   CONST          

        CLASS   SMALLCONST     
                smallconst                          600      600       60         0

        CLASS   MEDIUMCONST    

        CLASS   COMRAM         
                cstackCOMRAM                          1        1       11         1
                dataCOMRAM                           12       12        4         1

        CLASS   ABS1           

        CLASS   BIGRAM         

        CLASS   RAM            

        CLASS   BANK0          

        CLASS   BANK1          
                bssBANK1                            100      100      100         1

        CLASS   BANK2          

        CLASS   BANK3          

        CLASS   BANK4          

        CLASS   BANK5          

        CLASS   SFR            

        CLASS   FARRAM         

        CLASS   CONFIG         
                config                           300000   300000        E         0

        CLASS   IDLOC          
                idloc                            200000   200000        8         0

        CLASS   EEDATA         



SEGMENTS        Name                           Load    Length   Top    Selector   Space  Class

                reset_vec                      000000  000004  000004         0       0  CODE    
                cstackCOMRAM                   000001  000015  000016         1       1  COMRAM  
                bssBANK1                       000100  000100  000200       100       1  BANK1   
                smallconst                     000600  000060  000660       300       0  SMALLCON
                text0                          000660  000444  000AA4       330       0  CODE    
                idloc                          200000  000008  200008    200000       0  IDLOC   
                config                         300000  00000E  30000E    300000       0  CONFIG  


UNUSED ADDRESS RANGES

        Name                Unused          Largest block    Delta
        BANK0            000060-0000FF               A0
        BANK2            000200-0002FF              100
        BANK3            000300-0003FF              100
        BANK4            000400-0004FF              100
        BANK5            000500-0005FF              100
        BIGRAM           000016-0000FF               EA
                         000200-0005FF              400
        CODE             000004-0005FF              5FC
                         000AA4-007FFF             755C
        COMRAM           000016-00005F               4A
        CONST            000004-0005FF              5FC
                         000AA4-007FFF             755C
        EEDATA           F00000-F000FF              100
        MEDIUMCONST      000AA4-007FFF             755C
        RAM              000060-0000FF               A0
                         000200-0005FF              100
        SFR              000F60-000FFF               A0
        SMALLCONST       000AA4-007FFF              100
        STACK            000200-0005FF              400

                                  Symbol Table

?_strlen                      cstackCOMRAM 000001
SPI_Tx@data                   cstackCOMRAM 000002
UART_putch@ch                 cstackCOMRAM 000001
UART_puts@str                 cstackCOMRAM 000002
_ANSEL                        (abs)        000F7E
_ANSELH                       (abs)        000F7F
_BAUDCONbits                  (abs)        000FB8
_LATAbits                     (abs)        000F89
_OSCCON                       (abs)        000FD3
_PIR1bits                     (abs)        000F9E
_RCREG                        (abs)        000FAE
_RCSTAbits                    (abs)        000FAB
_SPBRG                        (abs)        000FAF
_SPI_Deselect                 text10       000A88
_SPI_Init                     text14       000A24
_SPI_Rx                       text9        000A7C
_SPI_Select                   text8        000A70
_SPI_Tx                       text7        000A62
_SSPBUF                       (abs)        000FC9
_SSPCON1bits                  (abs)        000FC6
_SSPSTATbits                  (abs)        000FC7
_TRISAbits                    (abs)        000F92
_TRISCbits                    (abs)        000F94
_TXREG                        (abs)        000FAD
_TXSTAbits                    (abs)        000FAC
_UART_Init                    text13       000A3C
_UART_putch                   text12       000A94
_UART_puts                    text11       000936
__CFG_BOREN$OFF               (abs)        000000
__CFG_BORV$18                 (abs)        000000
__CFG_CCP2MX$PORTC            (abs)        000000
__CFG_CP0$OFF                 (abs)        000000
__CFG_CP1$OFF                 (abs)        000000
__CFG_CP2$OFF                 (abs)        000000
__CFG_CP3$OFF                 (abs)        000000
__CFG_CPB$OFF                 (abs)        000000
__CFG_CPD$OFF                 (abs)        000000
__CFG_EBTR0$OFF               (abs)        000000
__CFG_EBTR1$OFF               (abs)        000000
__CFG_EBTR2$OFF               (abs)        000000
__CFG_EBTR3$OFF               (abs)        000000
__CFG_EBTRB$OFF               (abs)        000000
__CFG_FCMEN$OFF               (abs)        000000
__CFG_FOSC$INTIO67            (abs)        000000
__CFG_HFOFST$ON               (abs)        000000
__CFG_IESO$OFF                (abs)        000000
__CFG_LPT1OSC$OFF             (abs)        000000
__CFG_LVP$OFF                 (abs)        000000
__CFG_MCLRE$ON                (abs)        000000
__CFG_PBADEN$ON               (abs)        000000
__CFG_PWRT$OFF                (abs)        000000
__CFG_STVREN$ON               (abs)        000000
__CFG_WDTEN$OFF               (abs)        000000
__CFG_WDTPS$32768             (abs)        000000
__CFG_WRT0$OFF                (abs)        000000
__CFG_WRT1$OFF                (abs)        000000
__CFG_WRT2$OFF                (abs)        000000
__CFG_WRT3$OFF                (abs)        000000
__CFG_WRTB$OFF                (abs)        000000
__CFG_WRTC$OFF                (abs)        000000
__CFG_WRTD$OFF                (abs)        000000
__CFG_XINST$OFF               (abs)        000000
__HRAM                        (abs)        000000
__Habs1                       abs1         000000
__Hbank0                      bank0        000000
__Hbank1                      bank1        000000
__Hbank2                      bank2        000000
__Hbank3                      bank3        000000
__Hbank4                      bank4        000000
__Hbank5                      bank5        000000
__Hbigbss                     bigbss       000000
__Hbigdata                    bigdata      000000
__Hbigram                     bigram       000000
__Hbss                        bss          000000
__HbssBANK1                   bssBANK1     000000
__Hcinit                      cinit        000000
__Hclrtext                    clrtext      000000
__Hcomram                     comram       000000
__Hconfig                     config       30000E
__Hconst                      const        000000
__HcstackCOMRAM               cstackCOMRAM 000000
__Hdata                       data         000000
__HdataCOMRAM                 dataCOMRAM   000000
__Heeprom_data                eeprom_data  000000
__Hfarbss                     farbss       000000
__Hfardata                    fardata      000000
__Hibigdata                   ibigdata     000000
__Hidata                      idata        000000
__HidataCOMRAM                idataCOMRAM  000000
__Hidloc                      idloc        200008
__Hifardata                   ifardata     000000
__Hinit                       init         000004
__Hintcode                    intcode      000000
__Hintcode_body               intcode_body 000000
__Hintcodelo                  intcodelo    000000
__Hintentry                   intentry     000000
__Hintret                     intret       000000
__Hintsave_regs               intsave_regs 000000
__Hirdata                     irdata       000000
__Hmediumconst                mediumconst  000000
__HnvFARRAM                   nvFARRAM     000000
__Hnvbit                      nvbit        000000
__Hnvrram                     nvrram       000000
__Hparam                      rparam       000000
__Hpowerup                    powerup      000000
__Hram                        ram          000000
__Hramtop                     ramtop       000600
__Hrbit                       rbit         000000
__Hrbss                       rbss         000000
__Hrdata                      rdata        000000
__Hreset_vec                  reset_vec    000000
__Hrparam                     rparam       000000
__Hsfr                        sfr          000000
__Hsmallconst                 smallconst   000660
__Hspace_0                    (abs)        30000E
__Hspace_1                    (abs)        000200
__Hspace_2                    (abs)        000000
__Hstack                      stack        000000
__Hstruct                     struct       000000
__Htemp                       temp         000000
__Htext                       text         000000
__Htext0                      text0        000000
__Htext1                      text1        000000
__Htext10                     text10       000000
__Htext11                     text11       000000
__Htext12                     text12       000000
__Htext13                     text13       000000
__Htext14                     text14       000000
__Htext2                      text2        000000
__Htext3                      text3        000000
__Htext4                      text4        000000
__Htext5                      text5        000000
__Htext6                      text6        000000
__Htext7                      text7        000000
__Htext8                      text8        000000
__Htext9                      text9        000000
__LRAM                        (abs)        000001
__Labs1                       abs1         000000
__Lbank0                      bank0        000000
__Lbank1                      bank1        000000
__Lbank2                      bank2        000000
__Lbank3                      bank3        000000
__Lbank4                      bank4        000000
__Lbank5                      bank5        000000
__Lbigbss                     bigbss       000000
__Lbigdata                    bigdata      000000
__Lbigram                     bigram       000000
__Lbss                        bss          000000
__LbssBANK1                   bssBANK1     000000
__Lcinit                      cinit        000000
__Lclrtext                    clrtext      000000
__Lcomram                     comram       000000
__Lconfig                     config       300000
__Lconst                      const        000000
__LcstackCOMRAM               cstackCOMRAM 000000
__Ldata                       data         000000
__LdataCOMRAM                 dataCOMRAM   000000
__Leeprom_data                eeprom_data  000000
__Lfarbss                     farbss       000000
__Lfardata                    fardata      000000
__Libigdata                   ibigdata     000000
__Lidata                      idata        000000
__LidataCOMRAM                idataCOMRAM  000000
__Lidloc                      idloc        200000
__Lifardata                   ifardata     000000
__Linit                       init         000000
__Lintcode                    intcode      000000
__Lintcode_body               intcode_body 000000
__Lintcodelo                  intcodelo    000000
__Lintentry                   intentry     000000
__Lintret                     intret       000000
__Lintsave_regs               intsave_regs 000000
__Lirdata                     irdata       000000
__Lmediumconst                mediumconst  000000
__LnvFARRAM                   nvFARRAM     000000
__Lnvbit                      nvbit        000000
__Lnvrram                     nvrram       000000
__Lparam                      rparam       000000
__Lpowerup                    powerup      000000
__Lram                        ram          000000
__Lramtop                     ramtop       000600
__Lrbit                       rbit         000000
__Lrbss                       rbss         000000
__Lrdata                      rdata        000000
__Lreset_vec                  reset_vec    000000
__Lrparam                     rparam       000000
__Lsfr                        sfr          000000
__Lsmallconst                 smallconst   000600
__Lspace_0                    (abs)        000000
__Lspace_1                    (abs)        000000
__Lspace_2                    (abs)        000000
__Lstack                      stack        000000
__Lstruct                     struct       000000
__Ltemp                       temp         000000
__Ltext                       text         000000
__Ltext0                      text0        000000
__Ltext1                      text1        000000
__Ltext10                     text10       000000
__Ltext11                     text11       000000
__Ltext12                     text12       000000
__Ltext13                     text13       000000
__Ltext14                     text14       000000
__Ltext2                      text2        000000
__Ltext3                      text3        000000
__Ltext4                      text4        000000
__Ltext5                      text5        000000
__Ltext6                      text6        000000
__Ltext7                      text7        000000
__Ltext8                      text8        000000
__Ltext9                      text9        000000
__S0                          (abs)        30000E
__S1                          (abs)        000200
__S2                          (abs)        000000
___inthi_sp                   stack        000000
___intlo_sp                   stack        000000
___param_bank                 (abs)        000000
___rparam_used                (abs)        000001
___sp                         stack        000000
__accesstop                   (abs)        000060
__activetblptr                (abs)        000002
__end_of_SPI_Deselect         text10       000A94
__end_of_SPI_Init             text14       000A3C
__end_of_SPI_Rx               text9        000A88
__end_of_SPI_Select           text8        000A7C
__end_of_SPI_Tx               text7        000A70
__end_of_UART_Init            text13       000A52
__end_of_UART_putch           text12       000AA0
__end_of_UART_puts            text11       000988
__end_of__initialization      cinit        0009BC
__end_of_flash_check_present  text5        000A0C
__end_of_flash_read_page      text4        000936
__end_of_flash_read_status    text6        000A24
__end_of_flash_wait_ready     text3        000A62
__end_of_flash_write_page     text2        000894
__end_of_main                 text0        0007C2
__end_of_strlen               text1        0009F4
__initialization              cinit        000988
__mediumconst                 mediumconst  000000
__pbssBANK1                   bssBANK1     000100
__pcinit                      cinit        000988
__pcstackCOMRAM               cstackCOMRAM 000001
__pdataCOMRAM                 dataCOMRAM   000012
__pidataCOMRAM                idataCOMRAM  000AA0
__psmallconst                 smallconst   000600
__ptext0                      text0        000660
__ptext1                      text1        0009C6
__ptext10                     text10       000A88
__ptext11                     text11       000936
__ptext12                     text12       000A94
__ptext13                     text13       000A3C
__ptext14                     text14       000A24
__ptext2                      text2        0007C2
__ptext3                      text3        000A52
__ptext4                      text4        000894
__ptext5                      text5        0009F4
__ptext6                      text6        000A0C
__ptext7                      text7        000A62
__ptext8                      text8        000A70
__ptext9                      text9        000A7C
__ramtop                      ramtop       000600
__size_of_SPI_Deselect        (abs)        000000
__size_of_SPI_Init            (abs)        000000
__size_of_SPI_Rx              (abs)        000000
__size_of_SPI_Select          (abs)        000000
__size_of_SPI_Tx              (abs)        000000
__size_of_UART_Init           (abs)        000000
__size_of_UART_putch          (abs)        000000
__size_of_UART_puts           (abs)        000000
__size_of_flash_check_present (abs)        000000
__size_of_flash_read_page     (abs)        000000
__size_of_flash_read_status   (abs)        000000
__size_of_flash_wait_ready    (abs)        000000
__size_of_flash_write_page    (abs)        000000
__size_of_main                (abs)        000000
__size_of_strlen              (abs)        000000
__smallconst                  smallconst   000600
_buffer                       bssBANK1     000100
_flash_check_present          text5        0009F4
_flash_read_page              text4        000894
_flash_read_status            text6        000A0C
_flash_wait_ready             text3        000A52
_flash_write_page             text2        0007C2
_main                         text0        000660
_msg1                         dataCOMRAM   000014
_msg2                         dataCOMRAM   000012
_strlen                       text1        0009C6
end_of_initialization         cinit        0009BC
flash_check_present@data      cstackCOMRAM 000004
flash_read_page@address       cstackCOMRAM 000005
flash_read_page@buffer        cstackCOMRAM 000009
flash_read_page@len           cstackCOMRAM 00000B
flash_read_status@status      cstackCOMRAM 000003
flash_write_page@address      cstackCOMRAM 000005
flash_write_page@buffer       cstackCOMRAM 000009
flash_write_page@erase_first  cstackCOMRAM 00000D
flash_write_page@len          cstackCOMRAM 00000B
intlevel0                     text         000000
intlevel1                     text         000000
intlevel2                     text         000000
intlevel3                     text         000000
stackhi                       (abs)        0005FF
stacklo                       (abs)        000200
start                         init         000000
start_initialization          cinit        000988
strlen@a                      cstackCOMRAM 000003
strlen@s                      cstackCOMRAM 000001


FUNCTION INFORMATION:

 *************** function _main *****************
 Defined at:
		line 12 in file "main.c"
 Parameters:    Size  Location     Type
		None
 Auto vars:     Size  Location     Type
		None
 Return value:  Size  Location     Type
                  1    wreg      void 
 Registers used:
		wreg, fsr0l, fsr0h, fsr2l, fsr2h, status,2, status,0, tblptrl, tblptrh, tblptru, cstack
 Tracked objects:
		On entry : 
		On exit  : 
		Unchanged: 
 Data sizes:     COMRAM   BANK0   BANK1   BANK2   BANK3   BANK4   BANK5
      Params:         0       0       0       0       0       0       0
      Locals:         0       0       0       0       0       0       0
      Temps:          0       0       0       0       0       0       0
      Totals:         0       0       0       0       0       0       0
Total ram usage:        0 bytes
 Hardware stack levels required when called:    4
 This function calls:
		_SPI_Init
		_UART_Init
		_UART_puts
		_flash_check_present
		_flash_read_page
		_flash_write_page
		_strlen
 This function is called by:
		Startup code after reset
 This function uses a non-reentrant model


 *************** function _strlen *****************
 Defined at:
		line 12 in file "D:\Program Files (x86)\Microchip\xc8\v2.05\pic\sources\c99\common\strlen.c"
 Parameters:    Size  Location     Type
  s               2    0[COMRAM] PTR const unsigned char 
		 -> STR_2(20), STR_1(17), 
 Auto vars:     Size  Location     Type
  a               2    2[COMRAM] PTR const unsigned char 
		 -> STR_2(20), STR_1(17), 
 Return value:  Size  Location     Type
                  2    0[COMRAM] unsigned int 
 Registers used:
		wreg, status,2, status,0, tblptrl, tblptrh, tblptru
 Tracked objects:
		On entry : 
		On exit  : 
		Unchanged: 
 Data sizes:     COMRAM   BANK0   BANK1   BANK2   BANK3   BANK4   BANK5
      Params:         2       0       0       0       0       0       0
      Locals:         2       0       0       0       0       0       0
      Temps:          0       0       0       0       0       0       0
      Totals:         4       0       0       0       0       0       0
Total ram usage:        4 bytes
 Hardware stack levels used:    1
 This function calls:
		Nothing
 This function is called by:
		_main
 This function uses a non-reentrant model


 *************** function _flash_write_page *****************
 Defined at:
		line 107 in file "at45dbxx.c"
 Parameters:    Size  Location     Type
  address         4    4[COMRAM] unsigned long 
  buffer          2    8[COMRAM] PTR unsigned char 
		 -> flash_test_memory@buffer(256), STR_2(20), STR_1(17), 
  len             2   10[COMRAM] unsigned int 
  erase_first     1   12[COMRAM] unsigned char 
 Auto vars:     Size  Location     Type
		None
 Return value:  Size  Location     Type
                  1    wreg      void 
 Registers used:
		wreg, fsr0l, fsr0h, status,2, status,0, tblptrl, tblptrh, tblptru, cstack
 Tracked objects:
		On entry : 
		On exit  : 
		Unchanged: 
 Data sizes:     COMRAM   BANK0   BANK1   BANK2   BANK3   BANK4   BANK5
      Params:         9       0       0       0       0       0       0
      Locals:         0       0       0       0       0       0       0
      Temps:          4       0       0       0       0       0       0
      Totals:        13       0       0       0       0       0       0
Total ram usage:       13 bytes
 Hardware stack levels used:    1
 Hardware stack levels required when called:    3
 This function calls:
		_SPI_Deselect
		_SPI_Select
		_SPI_Tx
		_flash_wait_ready
 This function is called by:
		_main
		_flash_test_memory
 This function uses a non-reentrant model


 *************** function _flash_wait_ready *****************
 Defined at:
		line 40 in file "at45dbxx.c"
 Parameters:    Size  Location     Type
		None
 Auto vars:     Size  Location     Type
		None
 Return value:  Size  Location     Type
                  1    wreg      void 
 Registers used:
		wreg, status,2, status,0, cstack
 Tracked objects:
		On entry : 
		On exit  : 
		Unchanged: 
 Data sizes:     COMRAM   BANK0   BANK1   BANK2   BANK3   BANK4   BANK5
      Params:         0       0       0       0       0       0       0
      Locals:         0       0       0       0       0       0       0
      Temps:          1       0       0       0       0       0       0
      Totals:         1       0       0       0       0       0       0
Total ram usage:        1 bytes
 Hardware stack levels used:    1
 Hardware stack levels required when called:    2
 This function calls:
		_flash_read_status
 This function is called by:
		_flash_write_page
		_flash_erase_all
 This function uses a non-reentrant model


 *************** function _flash_read_page *****************
 Defined at:
		line 84 in file "at45dbxx.c"
 Parameters:    Size  Location     Type
  address         4    4[COMRAM] unsigned long 
  buffer          2    8[COMRAM] PTR unsigned char 
		 -> flash_test_memory@buffer(256), buffer(256), 
  len             2   10[COMRAM] unsigned int 
 Auto vars:     Size  Location     Type
		None
 Return value:  Size  Location     Type
                  1    wreg      void 
 Registers used:
		wreg, fsr2l, fsr2h, status,2, status,0, cstack
 Tracked objects:
		On entry : 
		On exit  : 
		Unchanged: 
 Data sizes:     COMRAM   BANK0   BANK1   BANK2   BANK3   BANK4   BANK5
      Params:         8       0       0       0       0       0       0
      Locals:         0       0       0       0       0       0       0
      Temps:          4       0       0       0       0       0       0
      Totals:        12       0       0       0       0       0       0
Total ram usage:       12 bytes
 Hardware stack levels used:    1
 Hardware stack levels required when called:    1
 This function calls:
		_SPI_Deselect
		_SPI_Rx
		_SPI_Select
		_SPI_Tx
 This function is called by:
		_main
		_flash_test_memory
 This function uses a non-reentrant model


 *************** function _flash_check_present *****************
 Defined at:
		line 58 in file "at45dbxx.c"
 Parameters:    Size  Location     Type
		None
 Auto vars:     Size  Location     Type
  data            1    3[COMRAM] unsigned char 
 Return value:  Size  Location     Type
                  1    wreg      unsigned char 
 Registers used:
		wreg, status,2, status,0, cstack
 Tracked objects:
		On entry : 
		On exit  : 
		Unchanged: 
 Data sizes:     COMRAM   BANK0   BANK1   BANK2   BANK3   BANK4   BANK5
      Params:         0       0       0       0       0       0       0
      Locals:         1       0       0       0       0       0       0
      Temps:          0       0       0       0       0       0       0
      Totals:         1       0       0       0       0       0       0
Total ram usage:        1 bytes
 Hardware stack levels used:    1
 Hardware stack levels required when called:    2
 This function calls:
		_flash_read_status
 This function is called by:
		_main
 This function uses a non-reentrant model


 *************** function _flash_read_status *****************
 Defined at:
		line 46 in file "at45dbxx.c"
 Parameters:    Size  Location     Type
		None
 Auto vars:     Size  Location     Type
  status          1    2[COMRAM] unsigned char 
 Return value:  Size  Location     Type
                  1    wreg      unsigned char 
 Registers used:
		wreg, status,2, cstack
 Tracked objects:
		On entry : 
		On exit  : 
		Unchanged: 
 Data sizes:     COMRAM   BANK0   BANK1   BANK2   BANK3   BANK4   BANK5
      Params:         0       0       0       0       0       0       0
      Locals:         1       0       0       0       0       0       0
      Temps:          0       0       0       0       0       0       0
      Totals:         1       0       0       0       0       0       0
Total ram usage:        1 bytes
 Hardware stack levels used:    1
 Hardware stack levels required when called:    1
 This function calls:
		_SPI_Deselect
		_SPI_Rx
		_SPI_Select
		_SPI_Tx
 This function is called by:
		_flash_wait_ready
		_flash_check_present
 This function uses a non-reentrant model


 *************** function _SPI_Tx *****************
 Defined at:
		line 28 in file "spi_master.c"
 Parameters:    Size  Location     Type
  data            1    wreg     unsigned char 
 Auto vars:     Size  Location     Type
  data            1    1[COMRAM] unsigned char 
  dummy           1    0        unsigned char 
 Return value:  Size  Location     Type
                  1    wreg      void 
 Registers used:
		wreg
 Tracked objects:
		On entry : 
		On exit  : 
		Unchanged: 
 Data sizes:     COMRAM   BANK0   BANK1   BANK2   BANK3   BANK4   BANK5
      Params:         0       0       0       0       0       0       0
      Locals:         2       0       0       0       0       0       0
      Temps:          0       0       0       0       0       0       0
      Totals:         2       0       0       0       0       0       0
Total ram usage:        2 bytes
 Hardware stack levels used:    1
 This function calls:
		Nothing
 This function is called by:
		_flash_read_status
		_flash_read_page
		_flash_write_page
		_SPI_TxBuffer
		_flash_erase_all
 This function uses a non-reentrant model


 *************** function _SPI_Select *****************
 Defined at:
		line 53 in file "spi_master.c"
 Parameters:    Size  Location     Type
		None
 Auto vars:     Size  Location     Type
		None
 Return value:  Size  Location     Type
                  1    wreg      void 
 Registers used:
		None
 Tracked objects:
		On entry : 
		On exit  : 
		Unchanged: 
 Data sizes:     COMRAM   BANK0   BANK1   BANK2   BANK3   BANK4   BANK5
      Params:         0       0       0       0       0       0       0
      Locals:         0       0       0       0       0       0       0
      Temps:          0       0       0       0       0       0       0
      Totals:         0       0       0       0       0       0       0
Total ram usage:        0 bytes
 Hardware stack levels used:    1
 This function calls:
		Nothing
 This function is called by:
		_flash_read_status
		_flash_read_page
		_flash_write_page
		_flash_erase_all
 This function uses a non-reentrant model


 *************** function _SPI_Rx *****************
 Defined at:
		line 22 in file "spi_master.c"
 Parameters:    Size  Location     Type
		None
 Auto vars:     Size  Location     Type
		None
 Return value:  Size  Location     Type
                  1    wreg      unsigned char 
 Registers used:
		wreg, status,2
 Tracked objects:
		On entry : 
		On exit  : 
		Unchanged: 
 Data sizes:     COMRAM   BANK0   BANK1   BANK2   BANK3   BANK4   BANK5
      Params:         0       0       0       0       0       0       0
      Locals:         0       0       0       0       0       0       0
      Temps:          0       0       0       0       0       0       0
      Totals:         0       0       0       0       0       0       0
Total ram usage:        0 bytes
 Hardware stack levels used:    1
 This function calls:
		Nothing
 This function is called by:
		_flash_read_status
		_flash_read_page
		_SPI_RxBuffer
 This function uses a non-reentrant model


 *************** function _SPI_Deselect *****************
 Defined at:
		line 58 in file "spi_master.c"
 Parameters:    Size  Location     Type
		None
 Auto vars:     Size  Location     Type
		None
 Return value:  Size  Location     Type
                  1    wreg      void 
 Registers used:
		None
 Tracked objects:
		On entry : 
		On exit  : 
		Unchanged: 
 Data sizes:     COMRAM   BANK0   BANK1   BANK2   BANK3   BANK4   BANK5
      Params:         0       0       0       0       0       0       0
      Locals:         0       0       0       0       0       0       0
      Temps:          0       0       0       0       0       0       0
      Totals:         0       0       0       0       0       0       0
Total ram usage:        0 bytes
 Hardware stack levels used:    1
 This function calls:
		Nothing
 This function is called by:
		_flash_read_status
		_flash_read_page
		_flash_write_page
		_flash_erase_all
 This function uses a non-reentrant model


 *************** function _UART_puts *****************
 Defined at:
		line 25 in file "uart.c"
 Parameters:    Size  Location     Type
  str             2    1[COMRAM] PTR unsigned char 
		 -> STR_8(24), STR_7(6), STR_6(7), STR_5(6), 
		 -> buffer(256), STR_4(7), STR_3(19), STR_2(20), 
		 -> STR_1(17), 
 Auto vars:     Size  Location     Type
		None
 Return value:  Size  Location     Type
                  1    wreg      void 
 Registers used:
		wreg, fsr0l, fsr0h, status,2, status,0, tblptrl, tblptrh, tblptru, cstack
 Tracked objects:
		On entry : 
		On exit  : 
		Unchanged: 
 Data sizes:     COMRAM   BANK0   BANK1   BANK2   BANK3   BANK4   BANK5
      Params:         2       0       0       0       0       0       0
      Locals:         0       0       0       0       0       0       0
      Temps:          0       0       0       0       0       0       0
      Totals:         2       0       0       0       0       0       0
Total ram usage:        2 bytes
 Hardware stack levels used:    1
 Hardware stack levels required when called:    1
 This function calls:
		_UART_putch
 This function is called by:
		_main
 This function uses a non-reentrant model


 *************** function _UART_putch *****************
 Defined at:
		line 20 in file "uart.c"
 Parameters:    Size  Location     Type
  ch              1    wreg     unsigned char 
 Auto vars:     Size  Location     Type
  ch              1    0[COMRAM] unsigned char 
 Return value:  Size  Location     Type
                  1    wreg      void 
 Registers used:
		wreg
 Tracked objects:
		On entry : 
		On exit  : 
		Unchanged: 
 Data sizes:     COMRAM   BANK0   BANK1   BANK2   BANK3   BANK4   BANK5
      Params:         0       0       0       0       0       0       0
      Locals:         1       0       0       0       0       0       0
      Temps:          0       0       0       0       0       0       0
      Totals:         1       0       0       0       0       0       0
Total ram usage:        1 bytes
 Hardware stack levels used:    1
 This function calls:
		Nothing
 This function is called by:
		_UART_puts
 This function uses a non-reentrant model


 *************** function _UART_Init *****************
 Defined at:
		line 5 in file "uart.c"
 Parameters:    Size  Location     Type
		None
 Auto vars:     Size  Location     Type
		None
 Return value:  Size  Location     Type
                  1    wreg      void 
 Registers used:
		wreg, status,2
 Tracked objects:
		On entry : 
		On exit  : 
		Unchanged: 
 Data sizes:     COMRAM   BANK0   BANK1   BANK2   BANK3   BANK4   BANK5
      Params:         0       0       0       0       0       0       0
      Locals:         0       0       0       0       0       0       0
      Temps:          0       0       0       0       0       0       0
      Totals:         0       0       0       0       0       0       0
Total ram usage:        0 bytes
 Hardware stack levels used:    1
 This function calls:
		Nothing
 This function is called by:
		_main
 This function uses a non-reentrant model


 *************** function _SPI_Init *****************
 Defined at:
		line 6 in file "spi_master.c"
 Parameters:    Size  Location     Type
		None
 Auto vars:     Size  Location     Type
		None
 Return value:  Size  Location     Type
                  1    wreg      void 
 Registers used:
		wreg, status,2
 Tracked objects:
		On entry : 
		On exit  : 
		Unchanged: 
 Data sizes:     COMRAM   BANK0   BANK1   BANK2   BANK3   BANK4   BANK5
      Params:         0       0       0       0       0       0       0
      Locals:         0       0       0       0       0       0       0
      Temps:          0       0       0       0       0       0       0
      Totals:         0       0       0       0       0       0       0
Total ram usage:        0 bytes
 Hardware stack levels used:    1
 This function calls:
		Nothing
 This function is called by:
		_main
 This function uses a non-reentrant model



MODULE INFORMATION

Module		Function		Class		Link	Load	Size
uart.c
		_UART_Init     		CODE           	0A3C	0000	23
		_UART_puts     		CODE           	0936	0000	83
		_UART_putch    		CODE           	0A94	0000	13

uart.c estimated size: 119

D:\Program Files (x86)\Microchip\xc8\v2.05\pic\sources\c99\common\strlen.c
		_strlen        		CODE           	09C6	0000	47

D:\Program Files (x86)\Microchip\xc8\v2.05\pic\sources\c99\common\strlen.c estimated size: 47

spi_master.c
		_SPI_Select    		CODE           	0A70	0000	13
		_SPI_Rx        		CODE           	0A7C	0000	13
		_SPI_Deselect  		CODE           	0A88	0000	13
		_SPI_Init      		CODE           	0A24	0000	25
		_SPI_Tx        		CODE           	0A62	0000	15

spi_master.c estimated size: 79

shared
		__initialization		CODE           	0988	0000	53

shared estimated size: 53

at45dbxx.c
		_flash_write_page		CODE           	07C2	0000	211
		_flash_read_page		CODE           	0894	0000	163
		_flash_wait_ready		CODE           	0A52	0000	17
		_flash_check_present		CODE           	09F4	0000	25
		_flash_read_status		CODE           	0A0C	0000	25

at45dbxx.c estimated size: 441

main.c
		_main          		CODE           	0660	0000	355

main.c estimated size: 355

