Microchip MPLAB XC8 Compiler V2.05 ()

Linker command line:

-W-3 --edf=D:\Program Files (x86)\Microchip\xc8\v2.05\pic\dat\en_msgs.txt \
  -cs -h+dist/default/production\PIC18F_SPI_LCD_BD663474.X.production.sym \
  --cmf=dist/default/production\PIC18F_SPI_LCD_BD663474.X.production.cmf -z \
  -Q18F45K20 -oC:\Users\KIKI\AppData\Local\Temp\sbkk.2 \
  --defsym=__MPLAB_BUILD=1 \
  -Mdist/default/production/PIC18F_SPI_LCD_BD663474.X.production.map -E1 \
  -ver=XC8 --acfsm=1493 -ASTACK=060h-05FFh -pstack=STACK -ACODE=00h-07FFFh \
  -ACONST=00h-07FFFh -ASMALLCONST=0600h-06FFhx122 \
  -AMEDIUMCONST=0600h-07FFFh -ACOMRAM=01h-05Fh -AABS1=00h-05FFh \
  -ABIGRAM=01h-05FFh -ARAM=060h-0FFh,0100h-01FFhx5 -ABANK0=060h-0FFh \
  -ABANK1=0100h-01FFh -ABANK2=0200h-02FFh -ABANK3=0300h-03FFh \
  -ABANK4=0400h-04FFh -ABANK5=0500h-05FFh -ASFR=0F60h-0FFFh \
  -preset_vec=00h,intcode,intcodelo,powerup,init -pramtop=0600h \
  -psmallconst=SMALLCONST -pmediumconst=MEDIUMCONST -pconst=CONST \
  -AFARRAM=00h-00h -ACONFIG=0300000h-030000Dh -pconfig=CONFIG \
  -AIDLOC=0200000h-0200007h -pidloc=IDLOC -AEEDATA=0F00000h-0F000FFh \
  -peeprom_data=EEDATA \
  -prdata=COMRAM,nvrram=COMRAM,nvbit=COMRAM,rbss=COMRAM,rbit=COMRAM \
  -pfarbss=FARRAM,fardata=FARRAM,nvFARRAM=FARRAM \
  -pintsave_regs=BIGRAM,bigbss=BIGRAM,bigdata=BIGRAM -pbss=RAM \
  -pidata=CODE,irdata=CODE,ibigdata=CODE,ifardata=CODE -prparam=COMRAM \
  C:\Users\KIKI\AppData\Local\Temp\sbkk.o \
  dist/default/production\PIC18F_SPI_LCD_BD663474.X.production.o 

Object code version is 3.11

Machine type is 18F45K20

Call graph: (short form)




                Name                               Link     Load   Length Selector   Space Scale
C:\Users\KIKI\AppData\Local\Temp\sbkk.o
                init                                  0        0        4        0       0
                idloc                            200000   200000        8   200000       0
                config                           300000   300000        E   300000       0
dist/default/production\PIC18F_SPI_LCD_BD663474.X.production.o
                smallconst                          600      600       1E      300       0
                text12                              D28      D28        4      30F       0
                text11                              D14      D14        E      30F       0
                text10                              D06      D06        E      30F       0
                text9                               BFE      BFE       46      30F       0
                text8                               CDC      CDC       16      30F       0
                text7                               CA0      CA0       26      30F       0
                text6                               AC4      AC4       86      30F       0
                text5                               BA8      BA8       56      30F       0
                text4                               B4A      B4A       5E      30F       0
                text3                               C7A      C7A       26      30F       0
                text2                               61E      61E      4A6      30F       0
                text1                               CF2      CF2       14      30F       0
                text0                               CC6      CC6       16      30F       0
                cstackCOMRAM                         20       20       1A        1       1
                dataCOMRAM                           3A       3A        6        1       1
                bssCOMRAM                             1        1       1F        1       1
                cinit                               C44      C44       36      30F       0
                idataCOMRAM                         D22      D22        6      30F       0

TOTAL           Name                               Link     Load   Length     Space
        CLASS   STACK          

        CLASS   CODE           
                init                                  0        0        4         0
                text12                              D28      D28        4         0
                text11                              D14      D14        E         0
                text10                              D06      D06        E         0
                text9                               BFE      BFE       46         0
                text8                               CDC      CDC       16         0
                text7                               CA0      CA0       26         0
                text6                               AC4      AC4       86         0
                text5                               BA8      BA8       56         0
                text4                               B4A      B4A       5E         0
                text3                               C7A      C7A       26         0
                text2                               61E      61E      4A6         0
                text1                               CF2      CF2       14         0
                text0                               CC6      CC6       16         0
                cinit                               C44      C44       36         0
                idataCOMRAM                         D22      D22        6         0

        CLASS   CONST          

        CLASS   SMALLCONST     
                smallconst                          600      600       1E         0

        CLASS   MEDIUMCONST    

        CLASS   COMRAM         
                cstackCOMRAM                         20       20       1A         1
                dataCOMRAM                           3A       3A        6         1
                bssCOMRAM                             1        1       1F         1

        CLASS   ABS1           

        CLASS   BIGRAM         

        CLASS   RAM            

        CLASS   BANK0          

        CLASS   BANK1          

        CLASS   BANK2          

        CLASS   BANK3          

        CLASS   BANK4          

        CLASS   BANK5          

        CLASS   SFR            

        CLASS   FARRAM         

        CLASS   CONFIG         
                config                           300000   300000        E         0

        CLASS   IDLOC          
                idloc                            200000   200000        8         0

        CLASS   EEDATA         



SEGMENTS        Name                           Load    Length   Top    Selector   Space  Class

                reset_vec                      000000  000004  000004         0       0  CODE    
                bssCOMRAM                      000001  00003F  000040         1       1  COMRAM  
                smallconst                     000600  00001E  00061E       300       0  SMALLCON
                text2                          00061E  00070E  000D2C       30F       0  CODE    
                idloc                          200000  000008  200008    200000       0  IDLOC   
                config                         300000  00000E  30000E    300000       0  CONFIG  


UNUSED ADDRESS RANGES

        Name                Unused          Largest block    Delta
        BANK0            000060-0000FF               A0
        BANK1            000100-0001FF              100
        BANK2            000200-0002FF              100
        BANK3            000300-0003FF              100
        BANK4            000400-0004FF              100
        BANK5            000500-0005FF              100
        BIGRAM           000040-0005FF              5C0
        CODE             000004-0005FF              5FC
                         000D2C-007FFF             72D4
        COMRAM           000040-00005F               20
        CONST            000004-0005FF              5FC
                         000D2C-007FFF             72D4
        EEDATA           F00000-F000FF              100
        MEDIUMCONST      000D2C-007FFF             72D4
        RAM              000060-0005FF              100
        SFR              000F60-000FFF               A0
        SMALLCONST       000D2C-007FFF              100
        STACK            000060-0005FF              5A0

                                  Symbol Table

?___lmul                     cstackCOMRAM 000020
LCD_DrawColorBurst@color     cstackCOMRAM 00002C
LCD_DrawColorBurst@i         cstackCOMRAM 000032
LCD_DrawColorBurst@size      cstackCOMRAM 00002E
LCD_FillScreen@color         cstackCOMRAM 000036
LCD_SetWindow@x0             cstackCOMRAM 000026
LCD_SetWindow@x1             cstackCOMRAM 00002A
LCD_SetWindow@y0             cstackCOMRAM 000028
LCD_SetWindow@y1             cstackCOMRAM 00002C
LCD_TxCmd@cmd                cstackCOMRAM 000022
LCD_TxData@data              cstackCOMRAM 000022
LCD_WriteReg@data            cstackCOMRAM 000024
LCD_WriteReg@reg             cstackCOMRAM 000022
SPI_Tx@data                  cstackCOMRAM 000021
_ANSEL                       (abs)        000F7E
_ANSELH                      (abs)        000F7F
_LATAbits                    (abs)        000F89
_LATDbits                    (abs)        000F8C
_LCD_DrawColorBurst          text9        000BFE
_LCD_Enable                  text12       000D28
_LCD_FillScreen              text4        000B4A
_LCD_Init                    text2        00061E
_LCD_Reset                   text3        000C7A
_LCD_SetWindow               text6        000AC4
_LCD_TxCmd                   text8        000CDC
_LCD_TxData                  text10       000D06
_LCD_WriteReg                text7        000CA0
_OSCCON                      (abs)        000FD3
_SPI_Init                    text1        000CF2
_SPI_Tx                      text11       000D14
_SSPBUF                      (abs)        000FC9
_SSPCON1bits                 (abs)        000FC6
_SSPSTATbits                 (abs)        000FC7
_TRISAbits                   (abs)        000F92
_TRISCbits                   (abs)        000F94
_TRISDbits                   (abs)        000F95
__CFG_BOREN$OFF              (abs)        000000
__CFG_BORV$18                (abs)        000000
__CFG_CCP2MX$PORTC           (abs)        000000
__CFG_CP0$OFF                (abs)        000000
__CFG_CP1$OFF                (abs)        000000
__CFG_CP2$OFF                (abs)        000000
__CFG_CP3$OFF                (abs)        000000
__CFG_CPB$OFF                (abs)        000000
__CFG_CPD$OFF                (abs)        000000
__CFG_EBTR0$OFF              (abs)        000000
__CFG_EBTR1$OFF              (abs)        000000
__CFG_EBTR2$OFF              (abs)        000000
__CFG_EBTR3$OFF              (abs)        000000
__CFG_EBTRB$OFF              (abs)        000000
__CFG_FCMEN$OFF              (abs)        000000
__CFG_FOSC$INTIO67           (abs)        000000
__CFG_HFOFST$ON              (abs)        000000
__CFG_IESO$OFF               (abs)        000000
__CFG_LPT1OSC$OFF            (abs)        000000
__CFG_LVP$OFF                (abs)        000000
__CFG_MCLRE$ON               (abs)        000000
__CFG_PBADEN$ON              (abs)        000000
__CFG_PWRT$OFF               (abs)        000000
__CFG_STVREN$ON              (abs)        000000
__CFG_WDTEN$OFF              (abs)        000000
__CFG_WDTPS$32768            (abs)        000000
__CFG_WRT0$OFF               (abs)        000000
__CFG_WRT1$OFF               (abs)        000000
__CFG_WRT2$OFF               (abs)        000000
__CFG_WRT3$OFF               (abs)        000000
__CFG_WRTB$OFF               (abs)        000000
__CFG_WRTC$OFF               (abs)        000000
__CFG_WRTD$OFF               (abs)        000000
__CFG_XINST$OFF              (abs)        000000
__HRAM                       (abs)        000000
__Habs1                      abs1         000000
__Hbank0                     bank0        000000
__Hbank1                     bank1        000000
__Hbank2                     bank2        000000
__Hbank3                     bank3        000000
__Hbank4                     bank4        000000
__Hbank5                     bank5        000000
__Hbigbss                    bigbss       000000
__Hbigdata                   bigdata      000000
__Hbigram                    bigram       000000
__Hbss                       bss          000000
__HbssCOMRAM                 bssCOMRAM    000000
__Hcinit                     cinit        000000
__Hclrtext                   clrtext      000000
__Hcomram                    comram       000000
__Hconfig                    config       30000E
__Hconst                     const        000000
__HcstackCOMRAM              cstackCOMRAM 000000
__Hdata                      data         000000
__HdataCOMRAM                dataCOMRAM   000000
__Heeprom_data               eeprom_data  000000
__Hfarbss                    farbss       000000
__Hfardata                   fardata      000000
__Hibigdata                  ibigdata     000000
__Hidata                     idata        000000
__HidataCOMRAM               idataCOMRAM  000000
__Hidloc                     idloc        200008
__Hifardata                  ifardata     000000
__Hinit                      init         000004
__Hintcode                   intcode      000000
__Hintcode_body              intcode_body 000000
__Hintcodelo                 intcodelo    000000
__Hintentry                  intentry     000000
__Hintret                    intret       000000
__Hintsave_regs              intsave_regs 000000
__Hirdata                    irdata       000000
__Hmediumconst               mediumconst  000000
__HnvFARRAM                  nvFARRAM     000000
__Hnvbit                     nvbit        000000
__Hnvrram                    nvrram       000000
__Hparam                     rparam       000000
__Hpowerup                   powerup      000000
__Hram                       ram          000000
__Hramtop                    ramtop       000600
__Hrbit                      rbit         000000
__Hrbss                      rbss         000000
__Hrdata                     rdata        000000
__Hreset_vec                 reset_vec    000000
__Hrparam                    rparam       000000
__Hsfr                       sfr          000000
__Hsmallconst                smallconst   00061E
__Hspace_0                   (abs)        30000E
__Hspace_1                   (abs)        000040
__Hspace_2                   (abs)        000000
__Hstack                     stack        000000
__Hstruct                    struct       000000
__Htemp                      temp         000000
__Htext                      text         000000
__Htext0                     text0        000000
__Htext1                     text1        000000
__Htext10                    text10       000000
__Htext11                    text11       000000
__Htext12                    text12       000000
__Htext2                     text2        000000
__Htext3                     text3        000000
__Htext4                     text4        000000
__Htext5                     text5        000000
__Htext6                     text6        000000
__Htext7                     text7        000000
__Htext8                     text8        000000
__Htext9                     text9        000000
__LRAM                       (abs)        000001
__Labs1                      abs1         000000
__Lbank0                     bank0        000000
__Lbank1                     bank1        000000
__Lbank2                     bank2        000000
__Lbank3                     bank3        000000
__Lbank4                     bank4        000000
__Lbank5                     bank5        000000
__Lbigbss                    bigbss       000000
__Lbigdata                   bigdata      000000
__Lbigram                    bigram       000000
__Lbss                       bss          000000
__LbssCOMRAM                 bssCOMRAM    000000
__Lcinit                     cinit        000000
__Lclrtext                   clrtext      000000
__Lcomram                    comram       000000
__Lconfig                    config       300000
__Lconst                     const        000000
__LcstackCOMRAM              cstackCOMRAM 000000
__Ldata                      data         000000
__LdataCOMRAM                dataCOMRAM   000000
__Leeprom_data               eeprom_data  000000
__Lfarbss                    farbss       000000
__Lfardata                   fardata      000000
__Libigdata                  ibigdata     000000
__Lidata                     idata        000000
__LidataCOMRAM               idataCOMRAM  000000
__Lidloc                     idloc        200000
__Lifardata                  ifardata     000000
__Linit                      init         000000
__Lintcode                   intcode      000000
__Lintcode_body              intcode_body 000000
__Lintcodelo                 intcodelo    000000
__Lintentry                  intentry     000000
__Lintret                    intret       000000
__Lintsave_regs              intsave_regs 000000
__Lirdata                    irdata       000000
__Lmediumconst               mediumconst  000000
__LnvFARRAM                  nvFARRAM     000000
__Lnvbit                     nvbit        000000
__Lnvrram                    nvrram       000000
__Lparam                     rparam       000000
__Lpowerup                   powerup      000000
__Lram                       ram          000000
__Lramtop                    ramtop       000600
__Lrbit                      rbit         000000
__Lrbss                      rbss         000000
__Lrdata                     rdata        000000
__Lreset_vec                 reset_vec    000000
__Lrparam                    rparam       000000
__Lsfr                       sfr          000000
__Lsmallconst                smallconst   000600
__Lspace_0                   (abs)        000000
__Lspace_1                   (abs)        000000
__Lspace_2                   (abs)        000000
__Lstack                     stack        000000
__Lstruct                    struct       000000
__Ltemp                      temp         000000
__Ltext                      text         000000
__Ltext0                     text0        000000
__Ltext1                     text1        000000
__Ltext10                    text10       000000
__Ltext11                    text11       000000
__Ltext12                    text12       000000
__Ltext2                     text2        000000
__Ltext3                     text3        000000
__Ltext4                     text4        000000
__Ltext5                     text5        000000
__Ltext6                     text6        000000
__Ltext7                     text7        000000
__Ltext8                     text8        000000
__Ltext9                     text9        000000
__S0                         (abs)        30000E
__S1                         (abs)        000040
__S2                         (abs)        000000
___inthi_sp                  stack        000000
___intlo_sp                  stack        000000
___lmul                      text5        000BA8
___lmul@multiplicand         cstackCOMRAM 000024
___lmul@multiplier           cstackCOMRAM 000020
___lmul@product              cstackCOMRAM 000028
___param_bank                (abs)        000000
___rparam_used               (abs)        000001
___sp                        stack        000000
__accesstop                  (abs)        000060
__activetblptr               (abs)        000002
__end_of_LCD_DrawColorBurst  text9        000C44
__end_of_LCD_Enable          text12       000D2C
__end_of_LCD_FillScreen      text4        000BA8
__end_of_LCD_Init            text2        000AC4
__end_of_LCD_Reset           text3        000CA0
__end_of_LCD_SetWindow       text6        000B4A
__end_of_LCD_TxCmd           text8        000CF2
__end_of_LCD_TxData          text10       000D14
__end_of_LCD_WriteReg        text7        000CC6
__end_of_SPI_Init            text1        000D06
__end_of_SPI_Tx              text11       000D22
__end_of___lmul              text5        000BFE
__end_of__initialization     cinit        000C70
__end_of_main                text0        000CDC
__initialization             cinit        000C44
__mediumconst                mediumconst  000000
__pbssCOMRAM                 bssCOMRAM    000001
__pcinit                     cinit        000C44
__pcstackCOMRAM              cstackCOMRAM 000020
__pdataCOMRAM                dataCOMRAM   00003A
__pidataCOMRAM               idataCOMRAM  000D22
__psmallconst                smallconst   000600
__ptext0                     text0        000CC6
__ptext1                     text1        000CF2
__ptext10                    text10       000D06
__ptext11                    text11       000D14
__ptext12                    text12       000D28
__ptext2                     text2        00061E
__ptext3                     text3        000C7A
__ptext4                     text4        000B4A
__ptext5                     text5        000BA8
__ptext6                     text6        000AC4
__ptext7                     text7        000CA0
__ptext8                     text8        000CDC
__ptext9                     text9        000BFE
__ramtop                     ramtop       000600
__size_of_LCD_DrawColorBurst (abs)        000000
__size_of_LCD_Enable         (abs)        000000
__size_of_LCD_FillScreen     (abs)        000000
__size_of_LCD_Init           (abs)        000000
__size_of_LCD_Reset          (abs)        000000
__size_of_LCD_SetWindow      (abs)        000000
__size_of_LCD_TxCmd          (abs)        000000
__size_of_LCD_TxData         (abs)        000000
__size_of_LCD_WriteReg       (abs)        000000
__size_of_SPI_Init           (abs)        000000
__size_of_SPI_Tx             (abs)        000000
__size_of___lmul             (abs)        000000
__size_of_main               (abs)        000000
__smallconst                 smallconst   000600
_data                        bssCOMRAM    00001F
_lcdHeight                   dataCOMRAM   00003A
_lcdWidth                    dataCOMRAM   00003C
_main                        text0        000CC6
_rcvBuffer                   bssCOMRAM    000001
_sndBuffer                   dataCOMRAM   00003E
end_of_initialization        cinit        000C70
intlevel0                    text         000000
intlevel1                    text         000000
intlevel2                    text         000000
intlevel3                    text         000000
stackhi                      (abs)        0005FF
stacklo                      (abs)        000060
start                        init         000000
start_initialization         cinit        000C44


FUNCTION INFORMATION:

 *************** function _main *****************
 Defined at:
		line 11 in file "main.c"
 Parameters:    Size  Location     Type
		None
 Auto vars:     Size  Location     Type
		None
 Return value:  Size  Location     Type
                  1    wreg      void 
 Registers used:
		wreg, status,2, status,0, cstack
 Tracked objects:
		On entry : 
		On exit  : 
		Unchanged: 
 Data sizes:     COMRAM   BANK0   BANK1   BANK2   BANK3   BANK4   BANK5
      Params:         0       0       0       0       0       0       0
      Locals:         0       0       0       0       0       0       0
      Temps:          0       0       0       0       0       0       0
      Totals:         0       0       0       0       0       0       0
Total ram usage:        0 bytes
 Hardware stack levels required when called:    5
 This function calls:
		_LCD_Init
		_SPI_Init
 This function is called by:
		Startup code after reset
 This function uses a non-reentrant model


 *************** function _SPI_Init *****************
 Defined at:
		line 3 in file "spi_master.c"
 Parameters:    Size  Location     Type
		None
 Auto vars:     Size  Location     Type
		None
 Return value:  Size  Location     Type
                  1    wreg      void 
 Registers used:
		wreg, status,2
 Tracked objects:
		On entry : 
		On exit  : 
		Unchanged: 
 Data sizes:     COMRAM   BANK0   BANK1   BANK2   BANK3   BANK4   BANK5
      Params:         0       0       0       0       0       0       0
      Locals:         0       0       0       0       0       0       0
      Temps:          0       0       0       0       0       0       0
      Totals:         0       0       0       0       0       0       0
Total ram usage:        0 bytes
 Hardware stack levels used:    1
 This function calls:
		Nothing
 This function is called by:
		_main
 This function uses a non-reentrant model


 *************** function _LCD_Init *****************
 Defined at:
		line 54 in file "lcd_bd663474.c"
 Parameters:    Size  Location     Type
		None
 Auto vars:     Size  Location     Type
		None
 Return value:  Size  Location     Type
                  1    wreg      void 
 Registers used:
		wreg, status,2, status,0, cstack
 Tracked objects:
		On entry : 
		On exit  : 
		Unchanged: 
 Data sizes:     COMRAM   BANK0   BANK1   BANK2   BANK3   BANK4   BANK5
      Params:         0       0       0       0       0       0       0
      Locals:         0       0       0       0       0       0       0
      Temps:          2       0       0       0       0       0       0
      Totals:         2       0       0       0       0       0       0
Total ram usage:        2 bytes
 Hardware stack levels used:    1
 Hardware stack levels required when called:    4
 This function calls:
		_LCD_Enable
		_LCD_FillScreen
		_LCD_Reset
		_LCD_WriteReg
 This function is called by:
		_main
 This function uses a non-reentrant model


 *************** function _LCD_Reset *****************
 Defined at:
		line 38 in file "lcd_bd663474.c"
 Parameters:    Size  Location     Type
		None
 Auto vars:     Size  Location     Type
		None
 Return value:  Size  Location     Type
                  1    wreg      void 
 Registers used:
		wreg
 Tracked objects:
		On entry : 
		On exit  : 
		Unchanged: 
 Data sizes:     COMRAM   BANK0   BANK1   BANK2   BANK3   BANK4   BANK5
      Params:         0       0       0       0       0       0       0
      Locals:         0       0       0       0       0       0       0
      Temps:          1       0       0       0       0       0       0
      Totals:         1       0       0       0       0       0       0
Total ram usage:        1 bytes
 Hardware stack levels used:    1
 This function calls:
		Nothing
 This function is called by:
		_LCD_Init
 This function uses a non-reentrant model


 *************** function _LCD_FillScreen *****************
 Defined at:
		line 205 in file "lcd_bd663474.c"
 Parameters:    Size  Location     Type
  color           2   22[COMRAM] unsigned short 
 Auto vars:     Size  Location     Type
		None
 Return value:  Size  Location     Type
                  1    wreg      void 
 Registers used:
		wreg, status,2, status,0, cstack
 Tracked objects:
		On entry : 
		On exit  : 
		Unchanged: 
 Data sizes:     COMRAM   BANK0   BANK1   BANK2   BANK3   BANK4   BANK5
      Params:         2       0       0       0       0       0       0
      Locals:         0       0       0       0       0       0       0
      Temps:          0       0       0       0       0       0       0
      Totals:         2       0       0       0       0       0       0
Total ram usage:        2 bytes
 Hardware stack levels used:    1
 Hardware stack levels required when called:    3
 This function calls:
		_LCD_DrawColorBurst
		_LCD_SetWindow
		___lmul
 This function is called by:
		_LCD_Init
 This function uses a non-reentrant model


 *************** function ___lmul *****************
 Defined at:
		line 15 in file "D:\Program Files (x86)\Microchip\xc8\v2.05\pic\sources\c99\common\Umul32.c"
 Parameters:    Size  Location     Type
  multiplier      4    0[COMRAM] unsigned long 
  multiplicand    4    4[COMRAM] unsigned long 
 Auto vars:     Size  Location     Type
  product         4    8[COMRAM] unsigned long 
 Return value:  Size  Location     Type
                  4    0[COMRAM] unsigned long 
 Registers used:
		wreg, status,2, status,0
 Tracked objects:
		On entry : 
		On exit  : 
		Unchanged: 
 Data sizes:     COMRAM   BANK0   BANK1   BANK2   BANK3   BANK4   BANK5
      Params:         8       0       0       0       0       0       0
      Locals:         4       0       0       0       0       0       0
      Temps:          0       0       0       0       0       0       0
      Totals:        12       0       0       0       0       0       0
Total ram usage:       12 bytes
 Hardware stack levels used:    1
 This function calls:
		Nothing
 This function is called by:
		_LCD_FillScreen
 This function uses a non-reentrant model


 *************** function _LCD_SetWindow *****************
 Defined at:
		line 176 in file "lcd_bd663474.c"
 Parameters:    Size  Location     Type
  x0              2    6[COMRAM] unsigned short 
  y0              2    8[COMRAM] unsigned short 
  x1              2   10[COMRAM] unsigned short 
  y1              2   12[COMRAM] unsigned short 
 Auto vars:     Size  Location     Type
		None
 Return value:  Size  Location     Type
                  1    wreg      void 
 Registers used:
		wreg, status,2, cstack
 Tracked objects:
		On entry : 
		On exit  : 
		Unchanged: 
 Data sizes:     COMRAM   BANK0   BANK1   BANK2   BANK3   BANK4   BANK5
      Params:         8       0       0       0       0       0       0
      Locals:         0       0       0       0       0       0       0
      Temps:          0       0       0       0       0       0       0
      Totals:         8       0       0       0       0       0       0
Total ram usage:        8 bytes
 Hardware stack levels used:    1
 Hardware stack levels required when called:    2
 This function calls:
		_LCD_TxCmd
		_LCD_WriteReg
 This function is called by:
		_LCD_FillScreen
		_LCD_DrawPixel
		_LCD_DrawRectangle
		_LCD_DrawHLine
		_LCD_DrawVLine
 This function uses a non-reentrant model


 *************** function _LCD_WriteReg *****************
 Defined at:
		line 23 in file "lcd_bd663474.c"
 Parameters:    Size  Location     Type
  reg             2    2[COMRAM] unsigned short 
  data            2    4[COMRAM] unsigned short 
 Auto vars:     Size  Location     Type
		None
 Return value:  Size  Location     Type
                  1    wreg      void 
 Registers used:
		wreg, status,2, cstack
 Tracked objects:
		On entry : 
		On exit  : 
		Unchanged: 
 Data sizes:     COMRAM   BANK0   BANK1   BANK2   BANK3   BANK4   BANK5
      Params:         4       0       0       0       0       0       0
      Locals:         0       0       0       0       0       0       0
      Temps:          0       0       0       0       0       0       0
      Totals:         4       0       0       0       0       0       0
Total ram usage:        4 bytes
 Hardware stack levels used:    1
 Hardware stack levels required when called:    1
 This function calls:
		_SPI_Tx
 This function is called by:
		_LCD_Init
		_LCD_SetWindow
		_LCD_SetRotation
 This function uses a non-reentrant model


 *************** function _LCD_TxCmd *****************
 Defined at:
		line 7 in file "lcd_bd663474.c"
 Parameters:    Size  Location     Type
  cmd             2    2[COMRAM] unsigned short 
 Auto vars:     Size  Location     Type
		None
 Return value:  Size  Location     Type
                  1    wreg      void 
 Registers used:
		wreg, status,2, cstack
 Tracked objects:
		On entry : 
		On exit  : 
		Unchanged: 
 Data sizes:     COMRAM   BANK0   BANK1   BANK2   BANK3   BANK4   BANK5
      Params:         2       0       0       0       0       0       0
      Locals:         0       0       0       0       0       0       0
      Temps:          0       0       0       0       0       0       0
      Totals:         2       0       0       0       0       0       0
Total ram usage:        2 bytes
 Hardware stack levels used:    1
 Hardware stack levels required when called:    1
 This function calls:
		_SPI_Tx
 This function is called by:
		_LCD_SetWindow
 This function uses a non-reentrant model


 *************** function _LCD_DrawColorBurst *****************
 Defined at:
		line 194 in file "lcd_bd663474.c"
 Parameters:    Size  Location     Type
  color           2   12[COMRAM] unsigned short 
  size            4   14[COMRAM] unsigned long 
 Auto vars:     Size  Location     Type
  i               4   18[COMRAM] unsigned long 
 Return value:  Size  Location     Type
                  1    wreg      void 
 Registers used:
		wreg, status,2, status,0, cstack
 Tracked objects:
		On entry : 
		On exit  : 
		Unchanged: 
 Data sizes:     COMRAM   BANK0   BANK1   BANK2   BANK3   BANK4   BANK5
      Params:         6       0       0       0       0       0       0
      Locals:         4       0       0       0       0       0       0
      Temps:          0       0       0       0       0       0       0
      Totals:        10       0       0       0       0       0       0
Total ram usage:       10 bytes
 Hardware stack levels used:    1
 Hardware stack levels required when called:    2
 This function calls:
		_LCD_TxData
 This function is called by:
		_LCD_FillScreen
		_LCD_DrawRectangle
		_LCD_DrawHLine
		_LCD_DrawVLine
 This function uses a non-reentrant model


 *************** function _LCD_TxData *****************
 Defined at:
		line 17 in file "lcd_bd663474.c"
 Parameters:    Size  Location     Type
  data            2    2[COMRAM] unsigned short 
 Auto vars:     Size  Location     Type
		None
 Return value:  Size  Location     Type
                  1    wreg      void 
 Registers used:
		wreg, status,2, cstack
 Tracked objects:
		On entry : 
		On exit  : 
		Unchanged: 
 Data sizes:     COMRAM   BANK0   BANK1   BANK2   BANK3   BANK4   BANK5
      Params:         2       0       0       0       0       0       0
      Locals:         0       0       0       0       0       0       0
      Temps:          0       0       0       0       0       0       0
      Totals:         2       0       0       0       0       0       0
Total ram usage:        2 bytes
 Hardware stack levels used:    1
 Hardware stack levels required when called:    1
 This function calls:
		_SPI_Tx
 This function is called by:
		_LCD_DrawColorBurst
		_LCD_DrawColor
 This function uses a non-reentrant model


 *************** function _SPI_Tx *****************
 Defined at:
		line 22 in file "spi_master.c"
 Parameters:    Size  Location     Type
  data            1    wreg     unsigned char 
 Auto vars:     Size  Location     Type
  data            1    1[COMRAM] unsigned char 
  dummy           1    0        unsigned char 
 Return value:  Size  Location     Type
                  1    wreg      void 
 Registers used:
		wreg
 Tracked objects:
		On entry : 
		On exit  : 
		Unchanged: 
 Data sizes:     COMRAM   BANK0   BANK1   BANK2   BANK3   BANK4   BANK5
      Params:         0       0       0       0       0       0       0
      Locals:         2       0       0       0       0       0       0
      Temps:          0       0       0       0       0       0       0
      Totals:         2       0       0       0       0       0       0
Total ram usage:        2 bytes
 Hardware stack levels used:    1
 This function calls:
		Nothing
 This function is called by:
		_LCD_TxCmd
		_LCD_TxData
		_LCD_WriteReg
		_SPI_TxBuffer
 This function uses a non-reentrant model


 *************** function _LCD_Enable *****************
 Defined at:
		line 49 in file "lcd_bd663474.c"
 Parameters:    Size  Location     Type
		None
 Auto vars:     Size  Location     Type
		None
 Return value:  Size  Location     Type
                  1    wreg      void 
 Registers used:
		None
 Tracked objects:
		On entry : 
		On exit  : 
		Unchanged: 
 Data sizes:     COMRAM   BANK0   BANK1   BANK2   BANK3   BANK4   BANK5
      Params:         0       0       0       0       0       0       0
      Locals:         0       0       0       0       0       0       0
      Temps:          0       0       0       0       0       0       0
      Totals:         0       0       0       0       0       0       0
Total ram usage:        0 bytes
 Hardware stack levels used:    1
 This function calls:
		Nothing
 This function is called by:
		_LCD_Init
 This function uses a non-reentrant model



MODULE INFORMATION

Module		Function		Class		Link	Load	Size
D:\Program Files (x86)\Microchip\xc8\v2.05\pic\sources\c99\common\Umul32.c
		___lmul        		CODE           	0BA8	0000	87

D:\Program Files (x86)\Microchip\xc8\v2.05\pic\sources\c99\common\Umul32.c estimated size: 87

lcd_bd663474.c
		_LCD_Init      		CODE           	061E	0000	1191
		_LCD_FillScreen		CODE           	0B4A	0000	95
		_LCD_TxCmd     		CODE           	0CDC	0000	23
		_LCD_Reset     		CODE           	0C7A	0000	39
		_LCD_SetWindow 		CODE           	0AC4	0000	135
		_LCD_Enable    		CODE           	0D28	0000	5
		_LCD_WriteReg  		CODE           	0CA0	0000	39
		_LCD_TxData    		CODE           	0D06	0000	15
		_LCD_DrawColorBurst		CODE           	0BFE	0000	71

lcd_bd663474.c estimated size: 1613

spi_master.c
		_SPI_Init      		CODE           	0CF2	0000	21
		_SPI_Tx        		CODE           	0D14	0000	15

spi_master.c estimated size: 36

shared
		__initialization		CODE           	0C44	0000	45

shared estimated size: 45

main.c
		_main          		CODE           	0CC6	0000	23

main.c estimated size: 23

