Microchip MPLAB XC8 Compiler V2.05 ()

Linker command line:

-W-3 --edf=D:\Program Files (x86)\Microchip\xc8\v2.05\pic\dat\en_msgs.txt \
  -cs -h+dist/default/debug\PIC18F_SPI_LCD_BD663474.X.debug.sym \
  --cmf=dist/default/debug\PIC18F_SPI_LCD_BD663474.X.debug.cmf -z \
  -Q18F45K20 -oC:\Users\KIKI\AppData\Local\Temp\seb8.2 \
  --defsym=__MPLAB_BUILD=1 \
  -Mdist/default/debug/PIC18F_SPI_LCD_BD663474.X.debug.map -E1 -ver=XC8 \
  --acfsm=1493 -ASTACK=060h-05F3h -pstack=STACK -ACODE=00h-07DBFh \
  -ACONST=00h-07DBFh -ASMALLCONST=0600h-06FFhx119,07D00h-07DBFh \
  -AMEDIUMCONST=0600h-07DBFh -ACOMRAM=01h-05Fh -AABS1=00h-05F3h \
  -ABIGRAM=01h-05F3h -ARAM=060h-0FFh,0100h-01FFhx4,0500h-05F3h \
  -ABANK0=060h-0FFh -ABANK1=0100h-01FFh -ABANK2=0200h-02FFh \
  -ABANK3=0300h-03FFh -ABANK4=0400h-04FFh -ABANK5=0500h-05F3h \
  -ASFR=0F60h-0F9Bh,0F9Dh-0FD3h,0FD5h-0FDAh,0FE0h-0FE2h,0FE8h-0FEAh,0FF0h-0FFCh \
  -preset_vec=00h,intcode,intcodelo,powerup,init -pramtop=0600h \
  -psmallconst=SMALLCONST -pmediumconst=MEDIUMCONST -pconst=CONST \
  -AFARRAM=00h-00h -ACONFIG=0300000h-030000Dh -pconfig=CONFIG \
  -AIDLOC=0200000h-0200007h -pidloc=IDLOC -AEEDATA=0F00000h-0F000FFh \
  -peeprom_data=EEDATA \
  -prdata=COMRAM,nvrram=COMRAM,nvbit=COMRAM,rbss=COMRAM,rbit=COMRAM \
  -pfarbss=FARRAM,fardata=FARRAM,nvFARRAM=FARRAM \
  -pintsave_regs=BIGRAM,bigbss=BIGRAM,bigdata=BIGRAM -pbss=RAM \
  -pidata=CODE,irdata=CODE,ibigdata=CODE,ifardata=CODE -prparam=COMRAM \
  C:\Users\KIKI\AppData\Local\Temp\seb8.o \
  dist/default/debug\PIC18F_SPI_LCD_BD663474.X.debug.o 

Object code version is 3.11

Machine type is 18F45K20

Call graph: (short form)




                Name                               Link     Load   Length Selector   Space Scale
C:\Users\KIKI\AppData\Local\Temp\seb8.o
                init                                  0        0        4        0       0
                idloc                            200000   200000        8   200000       0
                config                           300000   300000        E   300000       0
dist/default/debug\PIC18F_SPI_LCD_BD663474.X.debug.o
                smallconst                          600      600       1E      300       0
                text13                              D9E      D9E        4      30F       0
                text12                              D8A      D8A        E      30F       0
                text11                              D7C      D7C        E      30F       0
                text10                              C4E      C4E       46      30F       0
                text9                               D52      D52       16      30F       0
                text8                               D16      D16       26      30F       0
                text7                               B76      B76       86      30F       0
                text6                               CF0      CF0       26      30F       0
                text5                               BFC      BFC       52      30F       0
                text4                               CCA      CCA       26      30F       0
                text3                               AB6      AB6       C0      30F       0
                text2                               61E      61E      498      30F       0
                text1                               D68      D68       14      30F       0
                text0                               D3C      D3C       16      30F       0
                cstackCOMRAM                         20       20       14        1       1
                dataCOMRAM                           34       34        6        1       1
                bssCOMRAM                             1        1       1F        1       1
                cinit                               C94      C94       36      30F       0
                idataCOMRAM                         D98      D98        6      30F       0

TOTAL           Name                               Link     Load   Length     Space
        CLASS   STACK          

        CLASS   CODE           
                init                                  0        0        4         0
                text13                              D9E      D9E        4         0
                text12                              D8A      D8A        E         0
                text11                              D7C      D7C        E         0
                text10                              C4E      C4E       46         0
                text9                               D52      D52       16         0
                text8                               D16      D16       26         0
                text7                               B76      B76       86         0
                text6                               CF0      CF0       26         0
                text5                               BFC      BFC       52         0
                text4                               CCA      CCA       26         0
                text3                               AB6      AB6       C0         0
                text2                               61E      61E      498         0
                text1                               D68      D68       14         0
                text0                               D3C      D3C       16         0
                cinit                               C94      C94       36         0
                idataCOMRAM                         D98      D98        6         0

        CLASS   CONST          

        CLASS   SMALLCONST     
                smallconst                          600      600       1E         0

        CLASS   MEDIUMCONST    

        CLASS   COMRAM         
                cstackCOMRAM                         20       20       14         1
                dataCOMRAM                           34       34        6         1
                bssCOMRAM                             1        1       1F         1

        CLASS   ABS1           

        CLASS   BIGRAM         

        CLASS   RAM            

        CLASS   BANK0          

        CLASS   BANK1          

        CLASS   BANK2          

        CLASS   BANK3          

        CLASS   BANK4          

        CLASS   BANK5          

        CLASS   SFR            

        CLASS   FARRAM         

        CLASS   CONFIG         
                config                           300000   300000        E         0

        CLASS   IDLOC          
                idloc                            200000   200000        8         0

        CLASS   EEDATA         



SEGMENTS        Name                           Load    Length   Top    Selector   Space  Class

                reset_vec                      000000  000004  000004         0       0  CODE    
                bssCOMRAM                      000001  000039  00003A         1       1  COMRAM  
                smallconst                     000600  00001E  00061E       300       0  SMALLCON
                text2                          00061E  000784  000DA2       30F       0  CODE    
                idloc                          200000  000008  200008    200000       0  IDLOC   
                config                         300000  00000E  30000E    300000       0  CONFIG  


UNUSED ADDRESS RANGES

        Name                Unused          Largest block    Delta
        BANK0            000060-0000FF               A0
        BANK1            000100-0001FF              100
        BANK2            000200-0002FF              100
        BANK3            000300-0003FF              100
        BANK4            000400-0004FF              100
        BANK5            000500-0005F3               F4
        BIGRAM           00003A-0005F3              5BA
        CODE             000004-0005FF              5FC
                         000DA2-007DBF             701E
        COMRAM           00003A-00005F               26
        CONST            000004-0005FF              5FC
                         000DA2-007DBF             701E
        EEDATA           F00000-F000FF              100
        MEDIUMCONST      000DA2-007DBF             701E
        RAM              000060-0005F3              100
        SFR              000F60-000F9B               3C
                         000F9D-000FD3               37
                         000FD5-000FDA                6
                         000FE0-000FE2                3
                         000FE8-000FEA                3
                         000FF0-000FFC                D
        SMALLCONST       000DA2-007DBF              100
        STACK            000060-0005F3              594

                                  Symbol Table

?___wmul                          cstackCOMRAM 000020
LCD_DrawColorBurst@color          cstackCOMRAM 000026
LCD_DrawColorBurst@i              cstackCOMRAM 00002C
LCD_DrawColorBurst@size           cstackCOMRAM 000028
LCD_FillScreen@color              cstackCOMRAM 000030
LCD_SetWindow@x0                  cstackCOMRAM 000026
LCD_SetWindow@x1                  cstackCOMRAM 00002A
LCD_SetWindow@y0                  cstackCOMRAM 000028
LCD_SetWindow@y1                  cstackCOMRAM 00002C
LCD_TxCmd@cmd                     cstackCOMRAM 000022
LCD_TxData@data                   cstackCOMRAM 000022
LCD_WriteReg@data                 cstackCOMRAM 000024
LCD_WriteReg@reg                  cstackCOMRAM 000022
SPI_Tx@data                       cstackCOMRAM 000021
_ANSEL                            (abs)        000F7E
_ANSELH                           (abs)        000F7F
_LATAbits                         (abs)        000F89
_LATDbits                         (abs)        000F8C
_LCD_DrawColorBurst               text10       000C4E
_LCD_Enable                       text13       000D9E
_LCD_FillScreen                   text5        000BFC
_LCD_Init                         text2        00061E
_LCD_Reset                        text4        000CCA
_LCD_SetWindow                    text7        000B76
_LCD_TxCmd                        text9        000D52
_LCD_TxData                       text11       000D7C
_LCD_WriteReg                     text8        000D16
_OSCCON                           (abs)        000FD3
_SPI_Init                         text1        000D68
_SPI_Tx                           text12       000D8A
_SSPBUF                           (abs)        000FC9
_SSPCON1bits                      (abs)        000FC6
_SSPSTATbits                      (abs)        000FC7
_TRISAbits                        (abs)        000F92
_TRISCbits                        (abs)        000F94
_TRISDbits                        (abs)        000F95
__CFG_BOREN$OFF                   (abs)        000000
__CFG_BORV$18                     (abs)        000000
__CFG_CCP2MX$PORTC                (abs)        000000
__CFG_CP0$OFF                     (abs)        000000
__CFG_CP1$OFF                     (abs)        000000
__CFG_CP2$OFF                     (abs)        000000
__CFG_CP3$OFF                     (abs)        000000
__CFG_CPB$OFF                     (abs)        000000
__CFG_CPD$OFF                     (abs)        000000
__CFG_EBTR0$OFF                   (abs)        000000
__CFG_EBTR1$OFF                   (abs)        000000
__CFG_EBTR2$OFF                   (abs)        000000
__CFG_EBTR3$OFF                   (abs)        000000
__CFG_EBTRB$OFF                   (abs)        000000
__CFG_FCMEN$OFF                   (abs)        000000
__CFG_FOSC$INTIO67                (abs)        000000
__CFG_HFOFST$ON                   (abs)        000000
__CFG_IESO$OFF                    (abs)        000000
__CFG_LPT1OSC$OFF                 (abs)        000000
__CFG_LVP$OFF                     (abs)        000000
__CFG_MCLRE$ON                    (abs)        000000
__CFG_PBADEN$ON                   (abs)        000000
__CFG_PWRT$OFF                    (abs)        000000
__CFG_STVREN$ON                   (abs)        000000
__CFG_WDTEN$OFF                   (abs)        000000
__CFG_WDTPS$32768                 (abs)        000000
__CFG_WRT0$OFF                    (abs)        000000
__CFG_WRT1$OFF                    (abs)        000000
__CFG_WRT2$OFF                    (abs)        000000
__CFG_WRT3$OFF                    (abs)        000000
__CFG_WRTB$OFF                    (abs)        000000
__CFG_WRTC$OFF                    (abs)        000000
__CFG_WRTD$OFF                    (abs)        000000
__CFG_XINST$OFF                   (abs)        000000
__HRAM                            (abs)        000000
__Habs1                           abs1         000000
__Hbank0                          bank0        000000
__Hbank1                          bank1        000000
__Hbank2                          bank2        000000
__Hbank3                          bank3        000000
__Hbank4                          bank4        000000
__Hbank5                          bank5        000000
__Hbigbss                         bigbss       000000
__Hbigdata                        bigdata      000000
__Hbigram                         bigram       000000
__Hbss                            bss          000000
__HbssCOMRAM                      bssCOMRAM    000000
__Hcinit                          cinit        000000
__Hclrtext                        clrtext      000000
__Hcomram                         comram       000000
__Hconfig                         config       30000E
__Hconst                          const        000000
__HcstackCOMRAM                   cstackCOMRAM 000000
__Hdata                           data         000000
__HdataCOMRAM                     dataCOMRAM   000000
__Heeprom_data                    eeprom_data  000000
__Hfarbss                         farbss       000000
__Hfardata                        fardata      000000
__Hibigdata                       ibigdata     000000
__Hidata                          idata        000000
__HidataCOMRAM                    idataCOMRAM  000000
__Hidloc                          idloc        200008
__Hifardata                       ifardata     000000
__Hinit                           init         000004
__Hintcode                        intcode      000000
__Hintcode_body                   intcode_body 000000
__Hintcodelo                      intcodelo    000000
__Hintentry                       intentry     000000
__Hintret                         intret       000000
__Hintsave_regs                   intsave_regs 000000
__Hirdata                         irdata       000000
__Hmediumconst                    mediumconst  000000
__HnvFARRAM                       nvFARRAM     000000
__Hnvbit                          nvbit        000000
__Hnvrram                         nvrram       000000
__Hparam                          rparam       000000
__Hpowerup                        powerup      000000
__Hram                            ram          000000
__Hramtop                         ramtop       000600
__Hrbit                           rbit         000000
__Hrbss                           rbss         000000
__Hrdata                          rdata        000000
__Hreset_vec                      reset_vec    000000
__Hrparam                         rparam       000000
__Hsfr                            sfr          000000
__Hsmallconst                     smallconst   00061E
__Hspace_0                        (abs)        30000E
__Hspace_1                        (abs)        00003A
__Hspace_2                        (abs)        000000
__Hstack                          stack        000000
__Hstruct                         struct       000000
__Htemp                           temp         000000
__Htext                           text         000000
__Htext0                          text0        000000
__Htext1                          text1        000000
__Htext10                         text10       000000
__Htext11                         text11       000000
__Htext12                         text12       000000
__Htext13                         text13       000000
__Htext2                          text2        000000
__Htext3                          text3        000000
__Htext4                          text4        000000
__Htext5                          text5        000000
__Htext6                          text6        000000
__Htext7                          text7        000000
__Htext8                          text8        000000
__Htext9                          text9        000000
__LRAM                            (abs)        000001
__Labs1                           abs1         000000
__Lbank0                          bank0        000000
__Lbank1                          bank1        000000
__Lbank2                          bank2        000000
__Lbank3                          bank3        000000
__Lbank4                          bank4        000000
__Lbank5                          bank5        000000
__Lbigbss                         bigbss       000000
__Lbigdata                        bigdata      000000
__Lbigram                         bigram       000000
__Lbss                            bss          000000
__LbssCOMRAM                      bssCOMRAM    000000
__Lcinit                          cinit        000000
__Lclrtext                        clrtext      000000
__Lcomram                         comram       000000
__Lconfig                         config       300000
__Lconst                          const        000000
__LcstackCOMRAM                   cstackCOMRAM 000000
__Ldata                           data         000000
__LdataCOMRAM                     dataCOMRAM   000000
__Leeprom_data                    eeprom_data  000000
__Lfarbss                         farbss       000000
__Lfardata                        fardata      000000
__Libigdata                       ibigdata     000000
__Lidata                          idata        000000
__LidataCOMRAM                    idataCOMRAM  000000
__Lidloc                          idloc        200000
__Lifardata                       ifardata     000000
__Linit                           init         000000
__Lintcode                        intcode      000000
__Lintcode_body                   intcode_body 000000
__Lintcodelo                      intcodelo    000000
__Lintentry                       intentry     000000
__Lintret                         intret       000000
__Lintsave_regs                   intsave_regs 000000
__Lirdata                         irdata       000000
__Lmediumconst                    mediumconst  000000
__LnvFARRAM                       nvFARRAM     000000
__Lnvbit                          nvbit        000000
__Lnvrram                         nvrram       000000
__Lparam                          rparam       000000
__Lpowerup                        powerup      000000
__Lram                            ram          000000
__Lramtop                         ramtop       000600
__Lrbit                           rbit         000000
__Lrbss                           rbss         000000
__Lrdata                          rdata        000000
__Lreset_vec                      reset_vec    000000
__Lrparam                         rparam       000000
__Lsfr                            sfr          000000
__Lsmallconst                     smallconst   000600
__Lspace_0                        (abs)        000000
__Lspace_1                        (abs)        000000
__Lspace_2                        (abs)        000000
__Lstack                          stack        000000
__Lstruct                         struct       000000
__Ltemp                           temp         000000
__Ltext                           text         000000
__Ltext0                          text0        000000
__Ltext1                          text1        000000
__Ltext10                         text10       000000
__Ltext11                         text11       000000
__Ltext12                         text12       000000
__Ltext13                         text13       000000
__Ltext2                          text2        000000
__Ltext3                          text3        000000
__Ltext4                          text4        000000
__Ltext5                          text5        000000
__Ltext6                          text6        000000
__Ltext7                          text7        000000
__Ltext8                          text8        000000
__Ltext9                          text9        000000
__S0                              (abs)        30000E
__S1                              (abs)        00003A
__S2                              (abs)        000000
___inthi_sp                       stack        000000
___intlo_sp                       stack        000000
___param_bank                     (abs)        000000
___rparam_used                    (abs)        000001
___sp                             stack        000000
___wmul                           text6        000CF0
___wmul@multiplicand              cstackCOMRAM 000022
___wmul@multiplier                cstackCOMRAM 000020
___wmul@product                   cstackCOMRAM 000024
__accesstop                       (abs)        000060
__activetblptr                    (abs)        000002
__end_of_LCD_DrawColorBurst       text10       000C94
__end_of_LCD_Enable               text13       000DA2
__end_of_LCD_FillScreen           text5        000C4E
__end_of_LCD_Init                 text2        000AB6
__end_of_LCD_Reset                text4        000CF0
__end_of_LCD_SetWindow            text7        000BFC
__end_of_LCD_TxCmd                text9        000D68
__end_of_LCD_TxData               text11       000D8A
__end_of_LCD_WriteReg             text8        000D3C
__end_of_SPI_Init                 text1        000D7C
__end_of_SPI_Tx                   text12       000D98
__end_of___wmul                   text6        000D16
__end_of__initialization          cinit        000CC0
__end_of_lcd_clear_screen         text3        000B76
__end_of_main                     text0        000D52
__initialization                  cinit        000C94
__mediumconst                     mediumconst  000000
__pbssCOMRAM                      bssCOMRAM    000001
__pcinit                          cinit        000C94
__pcstackCOMRAM                   cstackCOMRAM 000020
__pdataCOMRAM                     dataCOMRAM   000034
__pidataCOMRAM                    idataCOMRAM  000D98
__psmallconst                     smallconst   000600
__ptext0                          text0        000D3C
__ptext1                          text1        000D68
__ptext10                         text10       000C4E
__ptext11                         text11       000D7C
__ptext12                         text12       000D8A
__ptext13                         text13       000D9E
__ptext2                          text2        00061E
__ptext3                          text3        000AB6
__ptext4                          text4        000CCA
__ptext5                          text5        000BFC
__ptext6                          text6        000CF0
__ptext7                          text7        000B76
__ptext8                          text8        000D16
__ptext9                          text9        000D52
__ramtop                          ramtop       000600
__size_of_LCD_DrawColorBurst      (abs)        000000
__size_of_LCD_Enable              (abs)        000000
__size_of_LCD_FillScreen          (abs)        000000
__size_of_LCD_Init                (abs)        000000
__size_of_LCD_Reset               (abs)        000000
__size_of_LCD_SetWindow           (abs)        000000
__size_of_LCD_TxCmd               (abs)        000000
__size_of_LCD_TxData              (abs)        000000
__size_of_LCD_WriteReg            (abs)        000000
__size_of_SPI_Init                (abs)        000000
__size_of_SPI_Tx                  (abs)        000000
__size_of___wmul                  (abs)        000000
__size_of_lcd_clear_screen        (abs)        000000
__size_of_main                    (abs)        000000
__smallconst                      smallconst   000600
_data                             bssCOMRAM    00001F
_lcdHeight                        dataCOMRAM   000036
_lcdWidth                         dataCOMRAM   000034
_lcd_clear_screen                 text3        000AB6
_main                             text0        000D3C
_rcvBuffer                        bssCOMRAM    000001
_sndBuffer                        dataCOMRAM   000038
end_of_initialization             cinit        000CC0
intlevel0                         text         000000
intlevel1                         text         000000
intlevel2                         text         000000
intlevel3                         text         000000
lcd_clear_screen@color_background cstackCOMRAM 000026
lcd_clear_screen@i_511            cstackCOMRAM 000028
stackhi                           (abs)        0005F3
stacklo                           (abs)        000060
start                             init         000000
start_initialization              cinit        000C94


FUNCTION INFORMATION:

 *************** function _main *****************
 Defined at:
		line 11 in file "main.c"
 Parameters:    Size  Location     Type
		None
 Auto vars:     Size  Location     Type
		None
 Return value:  Size  Location     Type
                  1    wreg      void 
 Registers used:
		wreg, status,2, status,0, prodl, prodh, cstack
 Tracked objects:
		On entry : 
		On exit  : 
		Unchanged: 
 Data sizes:     COMRAM   BANK0   BANK1   BANK2   BANK3   BANK4   BANK5
      Params:         0       0       0       0       0       0       0
      Locals:         0       0       0       0       0       0       0
      Temps:          0       0       0       0       0       0       0
      Totals:         0       0       0       0       0       0       0
Total ram usage:        0 bytes
 Hardware stack levels required when called:    5
 This function calls:
		_LCD_Init
		_SPI_Init
 This function is called by:
		Startup code after reset
 This function uses a non-reentrant model


 *************** function _SPI_Init *****************
 Defined at:
		line 3 in file "spi_master.c"
 Parameters:    Size  Location     Type
		None
 Auto vars:     Size  Location     Type
		None
 Return value:  Size  Location     Type
                  1    wreg      void 
 Registers used:
		wreg, status,2
 Tracked objects:
		On entry : 
		On exit  : 
		Unchanged: 
 Data sizes:     COMRAM   BANK0   BANK1   BANK2   BANK3   BANK4   BANK5
      Params:         0       0       0       0       0       0       0
      Locals:         0       0       0       0       0       0       0
      Temps:          0       0       0       0       0       0       0
      Totals:         0       0       0       0       0       0       0
Total ram usage:        0 bytes
 Hardware stack levels used:    1
 This function calls:
		Nothing
 This function is called by:
		_main
 This function uses a non-reentrant model


 *************** function _LCD_Init *****************
 Defined at:
		line 56 in file "lcd_bd663474.c"
 Parameters:    Size  Location     Type
		None
 Auto vars:     Size  Location     Type
		None
 Return value:  Size  Location     Type
                  1    wreg      void 
 Registers used:
		wreg, status,2, status,0, prodl, prodh, cstack
 Tracked objects:
		On entry : 
		On exit  : 
		Unchanged: 
 Data sizes:     COMRAM   BANK0   BANK1   BANK2   BANK3   BANK4   BANK5
      Params:         0       0       0       0       0       0       0
      Locals:         0       0       0       0       0       0       0
      Temps:          2       0       0       0       0       0       0
      Totals:         2       0       0       0       0       0       0
Total ram usage:        2 bytes
 Hardware stack levels used:    1
 Hardware stack levels required when called:    4
 This function calls:
		_LCD_Enable
		_LCD_FillScreen
		_LCD_Reset
		_LCD_WriteReg
		_lcd_clear_screen
 This function is called by:
		_main
 This function uses a non-reentrant model


 *************** function _lcd_clear_screen *****************
 Defined at:
		line 176 in file "lcd_bd663474.c"
 Parameters:    Size  Location     Type
  color_backgr    2    6[COMRAM] unsigned short 
 Auto vars:     Size  Location     Type
  i               4    8[COMRAM] unsigned long 
  j               2    0        unsigned int 
  i               2    0        unsigned int 
 Return value:  Size  Location     Type
                  1    wreg      void 
 Registers used:
		wreg, status,2, status,0, cstack
 Tracked objects:
		On entry : 
		On exit  : 
		Unchanged: 
 Data sizes:     COMRAM   BANK0   BANK1   BANK2   BANK3   BANK4   BANK5
      Params:         2       0       0       0       0       0       0
      Locals:         4       0       0       0       0       0       0
      Temps:          0       0       0       0       0       0       0
      Totals:         6       0       0       0       0       0       0
Total ram usage:        6 bytes
 Hardware stack levels used:    1
 Hardware stack levels required when called:    2
 This function calls:
		_LCD_TxCmd
		_LCD_TxData
		_LCD_WriteReg
 This function is called by:
		_LCD_Init
 This function uses a non-reentrant model


 *************** function _LCD_Reset *****************
 Defined at:
		line 40 in file "lcd_bd663474.c"
 Parameters:    Size  Location     Type
		None
 Auto vars:     Size  Location     Type
		None
 Return value:  Size  Location     Type
                  1    wreg      void 
 Registers used:
		wreg
 Tracked objects:
		On entry : 
		On exit  : 
		Unchanged: 
 Data sizes:     COMRAM   BANK0   BANK1   BANK2   BANK3   BANK4   BANK5
      Params:         0       0       0       0       0       0       0
      Locals:         0       0       0       0       0       0       0
      Temps:          1       0       0       0       0       0       0
      Totals:         1       0       0       0       0       0       0
Total ram usage:        1 bytes
 Hardware stack levels used:    1
 This function calls:
		Nothing
 This function is called by:
		_LCD_Init
 This function uses a non-reentrant model


 *************** function _LCD_FillScreen *****************
 Defined at:
		line 228 in file "lcd_bd663474.c"
 Parameters:    Size  Location     Type
  color           2   16[COMRAM] unsigned short 
 Auto vars:     Size  Location     Type
		None
 Return value:  Size  Location     Type
                  1    wreg      void 
 Registers used:
		wreg, status,2, status,0, prodl, prodh, cstack
 Tracked objects:
		On entry : 
		On exit  : 
		Unchanged: 
 Data sizes:     COMRAM   BANK0   BANK1   BANK2   BANK3   BANK4   BANK5
      Params:         2       0       0       0       0       0       0
      Locals:         0       0       0       0       0       0       0
      Temps:          0       0       0       0       0       0       0
      Totals:         2       0       0       0       0       0       0
Total ram usage:        2 bytes
 Hardware stack levels used:    1
 Hardware stack levels required when called:    3
 This function calls:
		_LCD_DrawColorBurst
		_LCD_SetWindow
		___wmul
 This function is called by:
		_LCD_Init
 This function uses a non-reentrant model


 *************** function ___wmul *****************
 Defined at:
		line 15 in file "D:\Program Files (x86)\Microchip\xc8\v2.05\pic\sources\c99\common\Umul16.c"
 Parameters:    Size  Location     Type
  multiplier      2    0[COMRAM] unsigned int 
  multiplicand    2    2[COMRAM] unsigned int 
 Auto vars:     Size  Location     Type
  product         2    4[COMRAM] unsigned int 
 Return value:  Size  Location     Type
                  2    0[COMRAM] unsigned int 
 Registers used:
		wreg, status,2, status,0, prodl, prodh
 Tracked objects:
		On entry : 
		On exit  : 
		Unchanged: 
 Data sizes:     COMRAM   BANK0   BANK1   BANK2   BANK3   BANK4   BANK5
      Params:         4       0       0       0       0       0       0
      Locals:         2       0       0       0       0       0       0
      Temps:          0       0       0       0       0       0       0
      Totals:         6       0       0       0       0       0       0
Total ram usage:        6 bytes
 Hardware stack levels used:    1
 This function calls:
		Nothing
 This function is called by:
		_LCD_FillScreen
		_LCD_DrawRectangle
 This function uses a non-reentrant model


 *************** function _LCD_SetWindow *****************
 Defined at:
		line 197 in file "lcd_bd663474.c"
 Parameters:    Size  Location     Type
  x0              2    6[COMRAM] unsigned short 
  y0              2    8[COMRAM] unsigned short 
  x1              2   10[COMRAM] unsigned short 
  y1              2   12[COMRAM] unsigned short 
 Auto vars:     Size  Location     Type
		None
 Return value:  Size  Location     Type
                  1    wreg      void 
 Registers used:
		wreg, status,2, cstack
 Tracked objects:
		On entry : 
		On exit  : 
		Unchanged: 
 Data sizes:     COMRAM   BANK0   BANK1   BANK2   BANK3   BANK4   BANK5
      Params:         8       0       0       0       0       0       0
      Locals:         0       0       0       0       0       0       0
      Temps:          0       0       0       0       0       0       0
      Totals:         8       0       0       0       0       0       0
Total ram usage:        8 bytes
 Hardware stack levels used:    1
 Hardware stack levels required when called:    2
 This function calls:
		_LCD_TxCmd
		_LCD_WriteReg
 This function is called by:
		_LCD_FillScreen
		_LCD_DrawPixel
		_LCD_DrawRectangle
		_LCD_DrawHLine
		_LCD_DrawVLine
 This function uses a non-reentrant model


 *************** function _LCD_WriteReg *****************
 Defined at:
		line 25 in file "lcd_bd663474.c"
 Parameters:    Size  Location     Type
  reg             2    2[COMRAM] unsigned short 
  data            2    4[COMRAM] unsigned short 
 Auto vars:     Size  Location     Type
		None
 Return value:  Size  Location     Type
                  1    wreg      void 
 Registers used:
		wreg, status,2, cstack
 Tracked objects:
		On entry : 
		On exit  : 
		Unchanged: 
 Data sizes:     COMRAM   BANK0   BANK1   BANK2   BANK3   BANK4   BANK5
      Params:         4       0       0       0       0       0       0
      Locals:         0       0       0       0       0       0       0
      Temps:          0       0       0       0       0       0       0
      Totals:         4       0       0       0       0       0       0
Total ram usage:        4 bytes
 Hardware stack levels used:    1
 Hardware stack levels required when called:    1
 This function calls:
		_SPI_Tx
 This function is called by:
		_LCD_Init
		_lcd_clear_screen
		_LCD_SetWindow
		_LCD_SetRotation
 This function uses a non-reentrant model


 *************** function _LCD_TxCmd *****************
 Defined at:
		line 9 in file "lcd_bd663474.c"
 Parameters:    Size  Location     Type
  cmd             2    2[COMRAM] unsigned short 
 Auto vars:     Size  Location     Type
		None
 Return value:  Size  Location     Type
                  1    wreg      void 
 Registers used:
		wreg, status,2, cstack
 Tracked objects:
		On entry : 
		On exit  : 
		Unchanged: 
 Data sizes:     COMRAM   BANK0   BANK1   BANK2   BANK3   BANK4   BANK5
      Params:         2       0       0       0       0       0       0
      Locals:         0       0       0       0       0       0       0
      Temps:          0       0       0       0       0       0       0
      Totals:         2       0       0       0       0       0       0
Total ram usage:        2 bytes
 Hardware stack levels used:    1
 Hardware stack levels required when called:    1
 This function calls:
		_SPI_Tx
 This function is called by:
		_lcd_clear_screen
		_LCD_SetWindow
 This function uses a non-reentrant model


 *************** function _LCD_DrawColorBurst *****************
 Defined at:
		line 215 in file "lcd_bd663474.c"
 Parameters:    Size  Location     Type
  color           2    6[COMRAM] unsigned short 
  size            4    8[COMRAM] unsigned long 
 Auto vars:     Size  Location     Type
  i               4   12[COMRAM] unsigned long 
 Return value:  Size  Location     Type
                  1    wreg      void 
 Registers used:
		wreg, status,2, status,0, cstack
 Tracked objects:
		On entry : 
		On exit  : 
		Unchanged: 
 Data sizes:     COMRAM   BANK0   BANK1   BANK2   BANK3   BANK4   BANK5
      Params:         6       0       0       0       0       0       0
      Locals:         4       0       0       0       0       0       0
      Temps:          0       0       0       0       0       0       0
      Totals:        10       0       0       0       0       0       0
Total ram usage:       10 bytes
 Hardware stack levels used:    1
 Hardware stack levels required when called:    2
 This function calls:
		_LCD_TxData
 This function is called by:
		_LCD_FillScreen
		_LCD_DrawRectangle
		_LCD_DrawHLine
		_LCD_DrawVLine
 This function uses a non-reentrant model


 *************** function _LCD_TxData *****************
 Defined at:
		line 19 in file "lcd_bd663474.c"
 Parameters:    Size  Location     Type
  data            2    2[COMRAM] unsigned short 
 Auto vars:     Size  Location     Type
		None
 Return value:  Size  Location     Type
                  1    wreg      void 
 Registers used:
		wreg, status,2, cstack
 Tracked objects:
		On entry : 
		On exit  : 
		Unchanged: 
 Data sizes:     COMRAM   BANK0   BANK1   BANK2   BANK3   BANK4   BANK5
      Params:         2       0       0       0       0       0       0
      Locals:         0       0       0       0       0       0       0
      Temps:          0       0       0       0       0       0       0
      Totals:         2       0       0       0       0       0       0
Total ram usage:        2 bytes
 Hardware stack levels used:    1
 Hardware stack levels required when called:    1
 This function calls:
		_SPI_Tx
 This function is called by:
		_lcd_clear_screen
		_LCD_DrawColorBurst
		_LCD_DrawColor
 This function uses a non-reentrant model


 *************** function _SPI_Tx *****************
 Defined at:
		line 22 in file "spi_master.c"
 Parameters:    Size  Location     Type
  data            1    wreg     unsigned char 
 Auto vars:     Size  Location     Type
  data            1    1[COMRAM] unsigned char 
  dummy           1    0        unsigned char 
 Return value:  Size  Location     Type
                  1    wreg      void 
 Registers used:
		wreg
 Tracked objects:
		On entry : 
		On exit  : 
		Unchanged: 
 Data sizes:     COMRAM   BANK0   BANK1   BANK2   BANK3   BANK4   BANK5
      Params:         0       0       0       0       0       0       0
      Locals:         2       0       0       0       0       0       0
      Temps:          0       0       0       0       0       0       0
      Totals:         2       0       0       0       0       0       0
Total ram usage:        2 bytes
 Hardware stack levels used:    1
 This function calls:
		Nothing
 This function is called by:
		_LCD_TxCmd
		_LCD_TxData
		_LCD_WriteReg
		_SPI_TxBuffer
 This function uses a non-reentrant model


 *************** function _LCD_Enable *****************
 Defined at:
		line 51 in file "lcd_bd663474.c"
 Parameters:    Size  Location     Type
		None
 Auto vars:     Size  Location     Type
		None
 Return value:  Size  Location     Type
                  1    wreg      void 
 Registers used:
		None
 Tracked objects:
		On entry : 
		On exit  : 
		Unchanged: 
 Data sizes:     COMRAM   BANK0   BANK1   BANK2   BANK3   BANK4   BANK5
      Params:         0       0       0       0       0       0       0
      Locals:         0       0       0       0       0       0       0
      Temps:          0       0       0       0       0       0       0
      Totals:         0       0       0       0       0       0       0
Total ram usage:        0 bytes
 Hardware stack levels used:    1
 This function calls:
		Nothing
 This function is called by:
		_LCD_Init
 This function uses a non-reentrant model



MODULE INFORMATION

Module		Function		Class		Link	Load	Size
lcd_bd663474.c
		_LCD_Init      		CODE           	061E	0000	1177
		_LCD_FillScreen		CODE           	0BFC	0000	83
		_LCD_TxCmd     		CODE           	0D52	0000	23
		_LCD_Reset     		CODE           	0CCA	0000	39
		_LCD_SetWindow 		CODE           	0B76	0000	135
		_lcd_clear_screen		CODE           	0AB6	0000	193
		_LCD_Enable    		CODE           	0D9E	0000	5
		_LCD_WriteReg  		CODE           	0D16	0000	39
		_LCD_TxData    		CODE           	0D7C	0000	15
		_LCD_DrawColorBurst		CODE           	0C4E	0000	71

lcd_bd663474.c estimated size: 1780

spi_master.c
		_SPI_Init      		CODE           	0D68	0000	21
		_SPI_Tx        		CODE           	0D8A	0000	15

spi_master.c estimated size: 36

shared
		__initialization		CODE           	0C94	0000	45

shared estimated size: 45

D:\Program Files (x86)\Microchip\xc8\v2.05\pic\sources\c99\common\Umul16.c
		___wmul        		CODE           	0CF0	0000	39

D:\Program Files (x86)\Microchip\xc8\v2.05\pic\sources\c99\common\Umul16.c estimated size: 39

main.c
		_main          		CODE           	0D3C	0000	23

main.c estimated size: 23

