Microchip MPLAB XC8 Compiler V2.05 ()

Linker command line:

-W-3 --edf=D:\Program Files (x86)\Microchip\xc8\v2.05\pic\dat\en_msgs.txt \
  -cs -h+dist/default/production\PIC18F_TIM1_BUZZER.X.production.sym \
  --cmf=dist/default/production\PIC18F_TIM1_BUZZER.X.production.cmf -z \
  -Q18F45K20 -oC:\Users\KIKI\AppData\Local\Temp\s6ns.2 \
  --defsym=__MPLAB_BUILD=1 \
  -Mdist/default/production/PIC18F_TIM1_BUZZER.X.production.map -E1 \
  -ver=XC8 --acfsm=1493 -ASTACK=01F6h-05FFh -pstack=STACK -ACODE=00h-07FFFh \
  -ACONST=00h-07FFFh -ASMALLCONST=0600h-06FFhx122 \
  -AMEDIUMCONST=0600h-07FFFh -ACOMRAM=01h-05Fh -AABS1=00h-05FFh \
  -ABIGRAM=01h-05FFh -ARAM=060h-0FFh,0100h-01FFhx5 -ABANK0=060h-0FFh \
  -ABANK1=0100h-01FFh -ABANK2=0200h-02FFh -ABANK3=0300h-03FFh \
  -ABANK4=0400h-04FFh -ABANK5=0500h-05FFh -ASFR=0F60h-0FFFh \
  -preset_vec=00h,intcode,intcodelo,powerup,init -pramtop=0600h \
  -psmallconst=SMALLCONST -pmediumconst=MEDIUMCONST -pconst=CONST \
  -AFARRAM=00h-00h -ACONFIG=0300000h-030000Dh -pconfig=CONFIG \
  -AIDLOC=0200000h-0200007h -pidloc=IDLOC -AEEDATA=0F00000h-0F000FFh \
  -peeprom_data=EEDATA \
  -prdata=COMRAM,nvrram=COMRAM,nvbit=COMRAM,rbss=COMRAM,rbit=COMRAM \
  -pfarbss=FARRAM,fardata=FARRAM,nvFARRAM=FARRAM \
  -pintsave_regs=BIGRAM,bigbss=BIGRAM,bigdata=BIGRAM -pbss=RAM \
  -pidata=CODE,irdata=CODE,ibigdata=CODE,ifardata=CODE -prparam=COMRAM \
  C:\Users\KIKI\AppData\Local\Temp\s6ns.o \
  dist/default/production\PIC18F_TIM1_BUZZER.X.production.o 

Object code version is 3.11

Machine type is 18F45K20

Call graph: (short form)




                Name                               Link     Load   Length Selector   Space Scale
C:\Users\KIKI\AppData\Local\Temp\s6ns.o
                init                                  0        0        4        0       0
                idloc                            200000   200000        8   200000       0
                config                           300000   300000        E   300000       0
dist/default/production\PIC18F_TIM1_BUZZER.X.production.o
                text10                             7A26     7A26      288     3D13       0
                text9                              741E     741E       8A     3A0F       0
                text8                              7CAE     7CAE      352     3E57       0
                text7                              7550     7550       BA     3AA8       0
                text6                              7318     7318       82     398C       0
                text5                              7246     7246       56     3923       0
                text4                              7700     7700      140     3B80       0
                text3                              7840     7840      1E6     3C20       0
                text2                              739A     739A       84     39CD       0
                text1                              74A8     74A8       A8     3A54       0
                text0                              71DE     71DE       22     38EF       0
                cstackCOMRAM                          1        1       5E        1       1
                cstackBANK0                          DB       DB        A       60       1
                dataBANK1                           100      100       F6      100       1
                dataBANK0                            60       60       7B       60       1
                cinit                              7200     7200       46     3900       0
                idataBANK1                         760A     760A       F6     760A       0
                idataBANK0                         729D     729D       7B     729D       0

TOTAL           Name                               Link     Load   Length     Space
        CLASS   STACK          

        CLASS   CODE           
                init                                  0        0        4         0
                text10                             7A26     7A26      288         0
                text9                              741E     741E       8A         0
                text8                              7CAE     7CAE      352         0
                text7                              7550     7550       BA         0
                text6                              7318     7318       82         0
                text5                              7246     7246       56         0
                text4                              7700     7700      140         0
                text3                              7840     7840      1E6         0
                text2                              739A     739A       84         0
                text1                              74A8     74A8       A8         0
                text0                              71DE     71DE       22         0
                cinit                              7200     7200       46         0
                idataBANK1                         760A     760A       F6         0
                idataBANK0                         729D     729D       7B         0

        CLASS   CONST          

        CLASS   SMALLCONST     

        CLASS   MEDIUMCONST    

        CLASS   COMRAM         
                cstackCOMRAM                          1        1       5E         1

        CLASS   ABS1           

        CLASS   BIGRAM         

        CLASS   RAM            

        CLASS   BANK0          
                cstackBANK0                          DB       DB        A         1
                dataBANK0                            60       60       7B         1

        CLASS   BANK1          
                dataBANK1                           100      100       F6         1

        CLASS   BANK2          

        CLASS   BANK3          

        CLASS   BANK4          

        CLASS   BANK5          

        CLASS   SFR            

        CLASS   FARRAM         

        CLASS   CONFIG         
                config                           300000   300000        E         0

        CLASS   IDLOC          
                idloc                            200000   200000        8         0

        CLASS   EEDATA         



SEGMENTS        Name                           Load    Length   Top    Selector   Space  Class

                reset_vec                      000000  000004  000004         0       0  CODE    
                cstackCOMRAM                   000001  00005E  00005F         1       1  COMRAM  
                dataBANK0                      000060  000085  0000E5        60       1  BANK0   
                dataBANK1                      000100  0000F6  0001F6       100       1  BANK1   
                text0                          0071DE  000022  007200      38EF       0  CODE    
                cinit                          007200  000046  007246      3900       0  CODE    
                text5                          007246  000056  00729C      3923       0  CODE    
                idataBANK0                     00729D  00007B  007318      729D       0  CODE    
                text6                          007318  000082  00739A      398C       0  CODE    
                text2                          00739A  000084  00741E      39CD       0  CODE    
                text9                          00741E  00008A  0074A8      3A0F       0  CODE    
                text1                          0074A8  0000A8  007550      3A54       0  CODE    
                text7                          007550  0000BA  00760A      3AA8       0  CODE    
                idataBANK1                     00760A  0000F6  007700      760A       0  CODE    
                text4                          007700  000140  007840      3B80       0  CODE    
                text3                          007840  0001E6  007A26      3C20       0  CODE    
                text10                         007A26  000288  007CAE      3D13       0  CODE    
                text8                          007CAE  000352  008000      3E57       0  CODE    
                idloc                          200000  000008  200008    200000       0  IDLOC   
                config                         300000  00000E  30000E    300000       0  CONFIG  


UNUSED ADDRESS RANGES

        Name                Unused          Largest block    Delta
        BANK0            0000E5-0000FF               1B
        BANK1            0001F6-0001FF                A
        BANK2            000200-0002FF              100
        BANK3            000300-0003FF              100
        BANK4            000400-0004FF              100
        BANK5            000500-0005FF              100
        BIGRAM           00005F-00005F                1
                         0000E5-0000FF               1B
                         0001F6-0005FF              40A
        CODE             000004-0071DD             71DA
                         00729C-00729C                1
        COMRAM           00005F-00005F                1
        CONST            000004-0071DD             71DA
                         00729C-00729C                1
        EEDATA           F00000-F000FF              100
        MEDIUMCONST      000600-0071DD             6BDE
                         00729C-00729C                1
        RAM              0000E5-0000FF               1B
                         0001F6-0005FF              100
        SFR              000F60-000FFF               A0
        SMALLCONST       000600-0071DD              100
                         00729C-00729C                1
        STACK            0001F6-0005FF              40A

                                  Symbol Table

?___awdiv                cstackCOMRAM 000001
?___fldiv                cstackCOMRAM 00000F
?___flmul                cstackCOMRAM 000028
?___fltol                cstackCOMRAM 000041
?___lldiv                cstackCOMRAM 00000D
?___lmul                 cstackCOMRAM 000001
?___xxtofl               cstackCOMRAM 000001
MakePWM@duty             cstackCOMRAM 00004F
MakePWM@freq             cstackCOMRAM 00004B
MakePWM@i                cstackCOMRAM 000057
MakePWM@i_199            cstackCOMRAM 000059
MakePWM@loopNum          cstackCOMRAM 000055
MakePWM@ms               cstackCOMRAM 000050
MakePWM@usHighPeriod     cstackCOMRAM 00005D
MakePWM@usLowPeriod      cstackCOMRAM 000053
MakePWM@usPeriod         cstackCOMRAM 00005B
PlayMusic@duration       dataBANK0    000060
PlayMusic@i              cstackBANK0  0000E3
PlayMusic@melody         dataBANK1    000100
PlayMusic@noteDuration   cstackBANK0  0000E1
_ANSEL                   (abs)        000F7E
_ANSELH                  (abs)        000F7F
_LATBbits                (abs)        000F8A
_MakePWM                 text3        007840
_OSCCON                  (abs)        000FD3
_PlayMusic               text1        0074A8
_PlayMusic$814           cstackBANK0  0000DD
_T1CONbits               (abs)        000FCD
_TMR1                    (abs)        000FCE
_TRISBbits               (abs)        000F93
__CFG_BOREN$OFF          (abs)        000000
__CFG_BORV$18            (abs)        000000
__CFG_CCP2MX$PORTC       (abs)        000000
__CFG_CP0$OFF            (abs)        000000
__CFG_CP1$OFF            (abs)        000000
__CFG_CP2$OFF            (abs)        000000
__CFG_CP3$OFF            (abs)        000000
__CFG_CPB$OFF            (abs)        000000
__CFG_CPD$OFF            (abs)        000000
__CFG_EBTR0$OFF          (abs)        000000
__CFG_EBTR1$OFF          (abs)        000000
__CFG_EBTR2$OFF          (abs)        000000
__CFG_EBTR3$OFF          (abs)        000000
__CFG_EBTRB$OFF          (abs)        000000
__CFG_FCMEN$OFF          (abs)        000000
__CFG_FOSC$INTIO67       (abs)        000000
__CFG_HFOFST$ON          (abs)        000000
__CFG_IESO$OFF           (abs)        000000
__CFG_LPT1OSC$OFF        (abs)        000000
__CFG_LVP$OFF            (abs)        000000
__CFG_MCLRE$ON           (abs)        000000
__CFG_PBADEN$ON          (abs)        000000
__CFG_PWRT$OFF           (abs)        000000
__CFG_STVREN$ON          (abs)        000000
__CFG_WDTEN$OFF          (abs)        000000
__CFG_WDTPS$32768        (abs)        000000
__CFG_WRT0$OFF           (abs)        000000
__CFG_WRT1$OFF           (abs)        000000
__CFG_WRT2$OFF           (abs)        000000
__CFG_WRT3$OFF           (abs)        000000
__CFG_WRTB$OFF           (abs)        000000
__CFG_WRTC$OFF           (abs)        000000
__CFG_WRTD$OFF           (abs)        000000
__CFG_XINST$OFF          (abs)        000000
__HRAM                   (abs)        000000
__Habs1                  abs1         000000
__Hbank0                 bank0        000000
__Hbank1                 bank1        000000
__Hbank2                 bank2        000000
__Hbank3                 bank3        000000
__Hbank4                 bank4        000000
__Hbank5                 bank5        000000
__Hbigbss                bigbss       000000
__Hbigdata               bigdata      000000
__Hbigram                bigram       000000
__Hbss                   bss          000000
__Hcinit                 cinit        000000
__Hclrtext               clrtext      000000
__Hcomram                comram       000000
__Hconfig                config       30000E
__Hconst                 const        000000
__HcstackBANK0           cstackBANK0  000000
__HcstackCOMRAM          cstackCOMRAM 000000
__Hdata                  data         000000
__HdataBANK0             dataBANK0    000000
__HdataBANK1             dataBANK1    000000
__Heeprom_data           eeprom_data  000000
__Hfarbss                farbss       000000
__Hfardata               fardata      000000
__Hibigdata              ibigdata     000000
__Hidata                 idata        000000
__HidataBANK0            idataBANK0   000000
__HidataBANK1            idataBANK1   000000
__Hidloc                 idloc        200008
__Hifardata              ifardata     000000
__Hinit                  init         000004
__Hintcode               intcode      000000
__Hintcode_body          intcode_body 000000
__Hintcodelo             intcodelo    000000
__Hintentry              intentry     000000
__Hintret                intret       000000
__Hintsave_regs          intsave_regs 000000
__Hirdata                irdata       000000
__Hmediumconst           mediumconst  000000
__HnvFARRAM              nvFARRAM     000000
__Hnvbit                 nvbit        000000
__Hnvrram                nvrram       000000
__Hparam                 rparam       000000
__Hpowerup               powerup      000000
__Hram                   ram          000000
__Hramtop                ramtop       000600
__Hrbit                  rbit         000000
__Hrbss                  rbss         000000
__Hrdata                 rdata        000000
__Hreset_vec             reset_vec    000000
__Hrparam                rparam       000000
__Hsfr                   sfr          000000
__Hsmallconst            smallconst   000000
__Hspace_0               (abs)        30000E
__Hspace_1               (abs)        0001F6
__Hspace_2               (abs)        000000
__Hstack                 stack        000000
__Hstruct                struct       000000
__Htemp                  temp         000000
__Htext                  text         000000
__Htext0                 text0        000000
__Htext1                 text1        000000
__Htext10                text10       000000
__Htext2                 text2        000000
__Htext3                 text3        000000
__Htext4                 text4        000000
__Htext5                 text5        000000
__Htext6                 text6        000000
__Htext7                 text7        000000
__Htext8                 text8        000000
__Htext9                 text9        000000
__LRAM                   (abs)        000001
__Labs1                  abs1         000000
__Lbank0                 bank0        000000
__Lbank1                 bank1        000000
__Lbank2                 bank2        000000
__Lbank3                 bank3        000000
__Lbank4                 bank4        000000
__Lbank5                 bank5        000000
__Lbigbss                bigbss       000000
__Lbigdata               bigdata      000000
__Lbigram                bigram       000000
__Lbss                   bss          000000
__Lcinit                 cinit        000000
__Lclrtext               clrtext      000000
__Lcomram                comram       000000
__Lconfig                config       300000
__Lconst                 const        000000
__LcstackBANK0           cstackBANK0  000000
__LcstackCOMRAM          cstackCOMRAM 000000
__Ldata                  data         000000
__LdataBANK0             dataBANK0    000000
__LdataBANK1             dataBANK1    000000
__Leeprom_data           eeprom_data  000000
__Lfarbss                farbss       000000
__Lfardata               fardata      000000
__Libigdata              ibigdata     000000
__Lidata                 idata        000000
__LidataBANK0            idataBANK0   000000
__LidataBANK1            idataBANK1   000000
__Lidloc                 idloc        200000
__Lifardata              ifardata     000000
__Linit                  init         000000
__Lintcode               intcode      000000
__Lintcode_body          intcode_body 000000
__Lintcodelo             intcodelo    000000
__Lintentry              intentry     000000
__Lintret                intret       000000
__Lintsave_regs          intsave_regs 000000
__Lirdata                irdata       000000
__Lmediumconst           mediumconst  000000
__LnvFARRAM              nvFARRAM     000000
__Lnvbit                 nvbit        000000
__Lnvrram                nvrram       000000
__Lparam                 rparam       000000
__Lpowerup               powerup      000000
__Lram                   ram          000000
__Lramtop                ramtop       000600
__Lrbit                  rbit         000000
__Lrbss                  rbss         000000
__Lrdata                 rdata        000000
__Lreset_vec             reset_vec    000000
__Lrparam                rparam       000000
__Lsfr                   sfr          000000
__Lsmallconst            smallconst   000000
__Lspace_0               (abs)        000000
__Lspace_1               (abs)        000000
__Lspace_2               (abs)        000000
__Lstack                 stack        000000
__Lstruct                struct       000000
__Ltemp                  temp         000000
__Ltext                  text         000000
__Ltext0                 text0        000000
__Ltext1                 text1        000000
__Ltext10                text10       000000
__Ltext2                 text2        000000
__Ltext3                 text3        000000
__Ltext4                 text4        000000
__Ltext5                 text5        000000
__Ltext6                 text6        000000
__Ltext7                 text7        000000
__Ltext8                 text8        000000
__Ltext9                 text9        000000
__S0                     (abs)        30000E
__S1                     (abs)        0001F6
__S2                     (abs)        000000
___awdiv                 text2        00739A
___awdiv@counter         cstackCOMRAM 000005
___awdiv@dividend        cstackCOMRAM 000001
___awdiv@divisor         cstackCOMRAM 000003
___awdiv@quotient        cstackCOMRAM 000007
___awdiv@sign            cstackCOMRAM 000006
___fldiv                 text10       007A26
___fldiv@a               cstackCOMRAM 000013
___fldiv@aexp            cstackCOMRAM 000027
___fldiv@b               cstackCOMRAM 00000F
___fldiv@bexp            cstackCOMRAM 000026
___fldiv@grs             cstackCOMRAM 000022
___fldiv@new_exp         cstackCOMRAM 000020
___fldiv@rem             cstackCOMRAM 00001B
___fldiv@sign            cstackCOMRAM 00001F
___fleq                  text9        00741E
___fleq@ff1              cstackCOMRAM 000001
___fleq@ff2              cstackCOMRAM 000005
___flmul                 text8        007CAE
___flmul@a               cstackCOMRAM 00002C
___flmul@aexp            cstackCOMRAM 000039
___flmul@b               cstackCOMRAM 000028
___flmul@bexp            cstackCOMRAM 00003A
___flmul@grs             cstackCOMRAM 000035
___flmul@prod            cstackCOMRAM 00003B
___flmul@sign            cstackCOMRAM 000034
___flmul@temp            cstackCOMRAM 00003F
___fltol                 text7        007550
___fltol@exp1            cstackCOMRAM 00004A
___fltol@f1              cstackCOMRAM 000041
___fltol@sign1           cstackCOMRAM 000049
___inthi_sp              stack        000000
___intlo_sp              stack        000000
___lldiv                 text6        007318
___lldiv@counter         cstackCOMRAM 000019
___lldiv@dividend        cstackCOMRAM 00000D
___lldiv@divisor         cstackCOMRAM 000011
___lldiv@quotient        cstackCOMRAM 000015
___lmul                  text5        007246
___lmul@multiplicand     cstackCOMRAM 000005
___lmul@multiplier       cstackCOMRAM 000001
___lmul@product          cstackCOMRAM 000009
___param_bank            (abs)        000000
___rparam_used           (abs)        000001
___sp                    stack        000000
___xxtofl                text4        007700
___xxtofl@arg            cstackCOMRAM 00000B
___xxtofl@exp            cstackCOMRAM 00000A
___xxtofl@sign           cstackCOMRAM 000009
___xxtofl@val            cstackCOMRAM 000001
__accesstop              (abs)        000060
__activetblptr           (abs)        000000
__end_of_MakePWM         text3        007A26
__end_of_PlayMusic       text1        007550
__end_of___awdiv         text2        00741E
__end_of___fldiv         text10       007CAE
__end_of___fleq          text9        0074A8
__end_of___flmul         text8        008000
__end_of___fltol         text7        00760A
__end_of___lldiv         text6        00739A
__end_of___lmul          text5        00729C
__end_of___xxtofl        text4        007840
__end_of__initialization cinit        007240
__end_of_main            text0        007200
__initialization         cinit        007200
__mediumconst            mediumconst  000000
__pcinit                 cinit        007200
__pcstackBANK0           cstackBANK0  0000DB
__pcstackCOMRAM          cstackCOMRAM 000001
__pdataBANK0             dataBANK0    000060
__pdataBANK1             dataBANK1    000100
__pidataBANK0            idataBANK0   00729D
__pidataBANK1            idataBANK1   00760A
__ptext0                 text0        0071DE
__ptext1                 text1        0074A8
__ptext10                text10       007A26
__ptext2                 text2        00739A
__ptext3                 text3        007840
__ptext4                 text4        007700
__ptext5                 text5        007246
__ptext6                 text6        007318
__ptext7                 text7        007550
__ptext8                 text8        007CAE
__ptext9                 text9        00741E
__ramtop                 ramtop       000600
__size_of_MakePWM        (abs)        000000
__size_of_PlayMusic      (abs)        000000
__size_of___awdiv        (abs)        000000
__size_of___fldiv        (abs)        000000
__size_of___fleq         (abs)        000000
__size_of___flmul        (abs)        000000
__size_of___fltol        (abs)        000000
__size_of___lldiv        (abs)        000000
__size_of___lmul         (abs)        000000
__size_of___xxtofl       (abs)        000000
__size_of_main           (abs)        000000
__smallconst             smallconst   000000
_main                    text0        0071DE
end_of_initialization    cinit        007240
intlevel0                text         000000
intlevel1                text         000000
intlevel2                text         000000
intlevel3                text         000000
stackhi                  (abs)        0005FF
stacklo                  (abs)        0001F6
start                    init         000000
start_initialization     cinit        007200


FUNCTION INFORMATION:

 *************** function _main *****************
 Defined at:
		line 89 in file "main.c"
 Parameters:    Size  Location     Type
		None
 Auto vars:     Size  Location     Type
		None
 Return value:  Size  Location     Type
                  1    wreg      void 
 Registers used:
		wreg, fsr2l, fsr2h, status,2, status,0, prodl, prodh, cstack
 Tracked objects:
		On entry : 
		On exit  : 
		Unchanged: 
 Data sizes:     COMRAM   BANK0   BANK1   BANK2   BANK3   BANK4   BANK5
      Params:         0       0       0       0       0       0       0
      Locals:         0       0       0       0       0       0       0
      Temps:          0       0       0       0       0       0       0
      Totals:         0       0       0       0       0       0       0
Total ram usage:        0 bytes
 Hardware stack levels required when called:    3
 This function calls:
		_PlayMusic
 This function is called by:
		Startup code after reset
 This function uses a non-reentrant model


 *************** function _PlayMusic *****************
 Defined at:
		line 145 in file "main.c"
 Parameters:    Size  Location     Type
		None
 Auto vars:     Size  Location     Type
  noteDuration    2    6[BANK0 ] unsigned short 
  i               2    8[BANK0 ] int 
 Return value:  Size  Location     Type
                  1    wreg      void 
 Registers used:
		wreg, fsr2l, fsr2h, status,2, status,0, prodl, prodh, cstack
 Tracked objects:
		On entry : 
		On exit  : 
		Unchanged: 
 Data sizes:     COMRAM   BANK0   BANK1   BANK2   BANK3   BANK4   BANK5
      Params:         0       0       0       0       0       0       0
      Locals:         0       8       0       0       0       0       0
      Temps:          0       2       0       0       0       0       0
      Totals:         0      10       0       0       0       0       0
Total ram usage:       10 bytes
 Hardware stack levels used:    1
 Hardware stack levels required when called:    2
 This function calls:
		_MakePWM
		___awdiv
		___xxtofl
 This function is called by:
		_main
 This function uses a non-reentrant model


 *************** function ___awdiv *****************
 Defined at:
		line 7 in file "D:\Program Files (x86)\Microchip\xc8\v2.05\pic\sources\c99\common\awdiv.c"
 Parameters:    Size  Location     Type
  dividend        2    0[COMRAM] int 
  divisor         2    2[COMRAM] int 
 Auto vars:     Size  Location     Type
  quotient        2    6[COMRAM] int 
  sign            1    5[COMRAM] unsigned char 
  counter         1    4[COMRAM] unsigned char 
 Return value:  Size  Location     Type
                  2    0[COMRAM] int 
 Registers used:
		wreg, status,2, status,0
 Tracked objects:
		On entry : 
		On exit  : 
		Unchanged: 
 Data sizes:     COMRAM   BANK0   BANK1   BANK2   BANK3   BANK4   BANK5
      Params:         4       0       0       0       0       0       0
      Locals:         4       0       0       0       0       0       0
      Temps:          0       0       0       0       0       0       0
      Totals:         8       0       0       0       0       0       0
Total ram usage:        8 bytes
 Hardware stack levels used:    1
 This function calls:
		Nothing
 This function is called by:
		_PlayMusic
 This function uses a non-reentrant model


 *************** function _MakePWM *****************
 Defined at:
		line 111 in file "main.c"
 Parameters:    Size  Location     Type
  freq            4   74[COMRAM] float 
  duty            1   78[COMRAM] unsigned char 
  ms              2   79[COMRAM] unsigned short 
 Auto vars:     Size  Location     Type
  i               2   88[COMRAM] int 
  i               2   86[COMRAM] int 
  usHighPeriod    2   92[COMRAM] unsigned short 
  usPeriod        2   90[COMRAM] unsigned short 
  loopNum         2   84[COMRAM] int 
  usLowPeriod     2   82[COMRAM] unsigned short 
 Return value:  Size  Location     Type
                  1    wreg      void 
 Registers used:
		wreg, status,2, status,0, prodl, prodh, cstack
 Tracked objects:
		On entry : 
		On exit  : 
		Unchanged: 
 Data sizes:     COMRAM   BANK0   BANK1   BANK2   BANK3   BANK4   BANK5
      Params:         7       0       0       0       0       0       0
      Locals:        12       0       0       0       0       0       0
      Temps:          1       0       0       0       0       0       0
      Totals:        20       0       0       0       0       0       0
Total ram usage:       20 bytes
 Hardware stack levels used:    1
 Hardware stack levels required when called:    1
 This function calls:
		___fldiv
		___fleq
		___flmul
		___fltol
		___lldiv
		___lmul
		___xxtofl
 This function is called by:
		_PlayMusic
 This function uses a non-reentrant model


 *************** function ___xxtofl *****************
 Defined at:
		line 10 in file "D:\Program Files (x86)\Microchip\xc8\v2.05\pic\sources\c99\common\xxtofl.c"
 Parameters:    Size  Location     Type
  sign            1    wreg     unsigned char 
  val             4    0[COMRAM] long 
 Auto vars:     Size  Location     Type
  sign            1    8[COMRAM] unsigned char 
  arg             4   10[COMRAM] unsigned long 
  exp             1    9[COMRAM] unsigned char 
 Return value:  Size  Location     Type
                  4    0[COMRAM] unsigned char 
 Registers used:
		wreg, status,2, status,0
 Tracked objects:
		On entry : 
		On exit  : 
		Unchanged: 
 Data sizes:     COMRAM   BANK0   BANK1   BANK2   BANK3   BANK4   BANK5
      Params:         4       0       0       0       0       0       0
      Locals:         6       0       0       0       0       0       0
      Temps:          4       0       0       0       0       0       0
      Totals:        14       0       0       0       0       0       0
Total ram usage:       14 bytes
 Hardware stack levels used:    1
 This function calls:
		Nothing
 This function is called by:
		_MakePWM
		_PlayMusic
 This function uses a non-reentrant model


 *************** function ___lmul *****************
 Defined at:
		line 15 in file "D:\Program Files (x86)\Microchip\xc8\v2.05\pic\sources\c99\common\Umul32.c"
 Parameters:    Size  Location     Type
  multiplier      4    0[COMRAM] unsigned long 
  multiplicand    4    4[COMRAM] unsigned long 
 Auto vars:     Size  Location     Type
  product         4    8[COMRAM] unsigned long 
 Return value:  Size  Location     Type
                  4    0[COMRAM] unsigned long 
 Registers used:
		wreg, status,2, status,0
 Tracked objects:
		On entry : 
		On exit  : 
		Unchanged: 
 Data sizes:     COMRAM   BANK0   BANK1   BANK2   BANK3   BANK4   BANK5
      Params:         8       0       0       0       0       0       0
      Locals:         4       0       0       0       0       0       0
      Temps:          0       0       0       0       0       0       0
      Totals:        12       0       0       0       0       0       0
Total ram usage:       12 bytes
 Hardware stack levels used:    1
 This function calls:
		Nothing
 This function is called by:
		_MakePWM
 This function uses a non-reentrant model


 *************** function ___lldiv *****************
 Defined at:
		line 7 in file "D:\Program Files (x86)\Microchip\xc8\v2.05\pic\sources\c99\common\__lldiv.c"
 Parameters:    Size  Location     Type
  dividend        4   12[COMRAM] unsigned long 
  divisor         4   16[COMRAM] unsigned long 
 Auto vars:     Size  Location     Type
  quotient        4   20[COMRAM] unsigned long 
  counter         1   24[COMRAM] unsigned char 
 Return value:  Size  Location     Type
                  4   12[COMRAM] unsigned long 
 Registers used:
		wreg, status,2, status,0
 Tracked objects:
		On entry : 
		On exit  : 
		Unchanged: 
 Data sizes:     COMRAM   BANK0   BANK1   BANK2   BANK3   BANK4   BANK5
      Params:         8       0       0       0       0       0       0
      Locals:         5       0       0       0       0       0       0
      Temps:          0       0       0       0       0       0       0
      Totals:        13       0       0       0       0       0       0
Total ram usage:       13 bytes
 Hardware stack levels used:    1
 This function calls:
		Nothing
 This function is called by:
		_MakePWM
 This function uses a non-reentrant model


 *************** function ___fltol *****************
 Defined at:
		line 43 in file "D:\Program Files (x86)\Microchip\xc8\v2.05\pic\sources\c99\common\fltol.c"
 Parameters:    Size  Location     Type
  f1              4   64[COMRAM] unsigned long 
 Auto vars:     Size  Location     Type
  exp1            1   73[COMRAM] unsigned char 
  sign1           1   72[COMRAM] unsigned char 
 Return value:  Size  Location     Type
                  4   64[COMRAM] long 
 Registers used:
		wreg, status,2, status,0
 Tracked objects:
		On entry : 
		On exit  : 
		Unchanged: 
 Data sizes:     COMRAM   BANK0   BANK1   BANK2   BANK3   BANK4   BANK5
      Params:         4       0       0       0       0       0       0
      Locals:         2       0       0       0       0       0       0
      Temps:          4       0       0       0       0       0       0
      Totals:        10       0       0       0       0       0       0
Total ram usage:       10 bytes
 Hardware stack levels used:    1
 This function calls:
		Nothing
 This function is called by:
		_MakePWM
 This function uses a non-reentrant model


 *************** function ___flmul *****************
 Defined at:
		line 8 in file "D:\Program Files (x86)\Microchip\xc8\v2.05\pic\sources\c99\common\sprcmul.c"
 Parameters:    Size  Location     Type
  b               4   39[COMRAM] long 
  a               4   43[COMRAM] long 
 Auto vars:     Size  Location     Type
  prod            4   58[COMRAM] struct .
  grs             4   52[COMRAM] unsigned long 
  temp            2   62[COMRAM] struct .
  bexp            1   57[COMRAM] unsigned char 
  aexp            1   56[COMRAM] unsigned char 
  sign            1   51[COMRAM] unsigned char 
 Return value:  Size  Location     Type
                  4   39[COMRAM] unsigned char 
 Registers used:
		wreg, status,2, status,0, prodl, prodh
 Tracked objects:
		On entry : 
		On exit  : 
		Unchanged: 
 Data sizes:     COMRAM   BANK0   BANK1   BANK2   BANK3   BANK4   BANK5
      Params:         8       0       0       0       0       0       0
      Locals:        13       0       0       0       0       0       0
      Temps:          4       0       0       0       0       0       0
      Totals:        25       0       0       0       0       0       0
Total ram usage:       25 bytes
 Hardware stack levels used:    1
 This function calls:
		Nothing
 This function is called by:
		_MakePWM
 This function uses a non-reentrant model


 *************** function ___fleq *****************
 Defined at:
		line 4 in file "D:\Program Files (x86)\Microchip\xc8\v2.05\pic\sources\c99\common\fleq.c"
 Parameters:    Size  Location     Type
  ff1             4    0[COMRAM] unsigned char 
  ff2             4    4[COMRAM] unsigned char 
 Auto vars:     Size  Location     Type
		None
 Return value:  Size  Location     Type
		None               void
 Registers used:
		wreg, status,2, status,0
 Tracked objects:
		On entry : 
		On exit  : 
		Unchanged: 
 Data sizes:     COMRAM   BANK0   BANK1   BANK2   BANK3   BANK4   BANK5
      Params:         8       0       0       0       0       0       0
      Locals:         0       0       0       0       0       0       0
      Temps:          4       0       0       0       0       0       0
      Totals:        12       0       0       0       0       0       0
Total ram usage:       12 bytes
 Hardware stack levels used:    1
 This function calls:
		Nothing
 This function is called by:
		_MakePWM
 This function uses a non-reentrant model


 *************** function ___fldiv *****************
 Defined at:
		line 11 in file "D:\Program Files (x86)\Microchip\xc8\v2.05\pic\sources\c99\common\sprcdiv.c"
 Parameters:    Size  Location     Type
  b               4   14[COMRAM] unsigned char 
  a               4   18[COMRAM] unsigned char 
 Auto vars:     Size  Location     Type
  grs             4   33[COMRAM] unsigned long 
  rem             4   26[COMRAM] unsigned long 
  new_exp         2   31[COMRAM] short 
  aexp            1   38[COMRAM] unsigned char 
  bexp            1   37[COMRAM] unsigned char 
  sign            1   30[COMRAM] unsigned char 
 Return value:  Size  Location     Type
                  4   14[COMRAM] unsigned char 
 Registers used:
		wreg, status,2, status,0
 Tracked objects:
		On entry : 
		On exit  : 
		Unchanged: 
 Data sizes:     COMRAM   BANK0   BANK1   BANK2   BANK3   BANK4   BANK5
      Params:         8       0       0       0       0       0       0
      Locals:        13       0       0       0       0       0       0
      Temps:          4       0       0       0       0       0       0
      Totals:        25       0       0       0       0       0       0
Total ram usage:       25 bytes
 Hardware stack levels used:    1
 This function calls:
		Nothing
 This function is called by:
		_MakePWM
 This function uses a non-reentrant model



MODULE INFORMATION

Module		Function		Class		Link	Load	Size
D:\Program Files (x86)\Microchip\xc8\v2.05\pic\sources\c99\common\Umul32.c
		___lmul        		CODE           	7246	0000	87

D:\Program Files (x86)\Microchip\xc8\v2.05\pic\sources\c99\common\Umul32.c estimated size: 87

D:\Program Files (x86)\Microchip\xc8\v2.05\pic\sources\c99\common\sprcmul.c
		___flmul       		CODE           	7CAE	0000	851

D:\Program Files (x86)\Microchip\xc8\v2.05\pic\sources\c99\common\sprcmul.c estimated size: 851

D:\Program Files (x86)\Microchip\xc8\v2.05\pic\sources\c99\common\sprcdiv.c
		___fldiv       		CODE           	7A26	0000	649

D:\Program Files (x86)\Microchip\xc8\v2.05\pic\sources\c99\common\sprcdiv.c estimated size: 649

D:\Program Files (x86)\Microchip\xc8\v2.05\pic\sources\c99\common\xxtofl.c
		___xxtofl      		CODE           	7700	0000	321

D:\Program Files (x86)\Microchip\xc8\v2.05\pic\sources\c99\common\xxtofl.c estimated size: 321

D:\Program Files (x86)\Microchip\xc8\v2.05\pic\sources\c99\common\__lldiv.c
		___lldiv       		CODE           	7318	0000	131

D:\Program Files (x86)\Microchip\xc8\v2.05\pic\sources\c99\common\__lldiv.c estimated size: 131

D:\Program Files (x86)\Microchip\xc8\v2.05\pic\sources\c99\common\fleq.c
		___fleq        		CODE           	741E	0000	139

D:\Program Files (x86)\Microchip\xc8\v2.05\pic\sources\c99\common\fleq.c estimated size: 139

D:\Program Files (x86)\Microchip\xc8\v2.05\pic\sources\c99\common\fltol.c
		___fltol       		CODE           	7550	0000	187

D:\Program Files (x86)\Microchip\xc8\v2.05\pic\sources\c99\common\fltol.c estimated size: 187

shared
		__initialization		CODE           	7200	0000	65

shared estimated size: 65

D:\Program Files (x86)\Microchip\xc8\v2.05\pic\sources\c99\common\awdiv.c
		___awdiv       		CODE           	739A	0000	133

D:\Program Files (x86)\Microchip\xc8\v2.05\pic\sources\c99\common\awdiv.c estimated size: 133

main.c
		_main          		CODE           	71DE	0000	35
		_PlayMusic     		CODE           	74A8	0000	169
		_MakePWM       		CODE           	7840	0000	487

main.c estimated size: 691

